Component: ARM Compiler 5.05 update 1 (build 106) Tool: armlink [4d0efa]

==============================================================================

Section Cross References

    stm32f4xx_adc.o(i.ADC_DeInit) refers to stm32f4xx_rcc.o(i.RCC_APB2PeriphResetCmd) for RCC_APB2PeriphResetCmd
    stm32f4xx_flash.o(i.FLASH_EraseAllSectors) refers to stm32f4xx_flash.o(i.FLASH_WaitForLastOperation) for FLASH_WaitForLastOperation
    stm32f4xx_flash.o(i.FLASH_EraseSector) refers to stm32f4xx_flash.o(i.FLASH_WaitForLastOperation) for FLASH_WaitForLastOperation
    stm32f4xx_flash.o(i.FLASH_OB_Launch) refers to stm32f4xx_flash.o(i.FLASH_WaitForLastOperation) for FLASH_WaitForLastOperation
    stm32f4xx_flash.o(i.FLASH_OB_RDPConfig) refers to stm32f4xx_flash.o(i.FLASH_WaitForLastOperation) for FLASH_WaitForLastOperation
    stm32f4xx_flash.o(i.FLASH_OB_UserConfig) refers to stm32f4xx_flash.o(i.FLASH_WaitForLastOperation) for FLASH_WaitForLastOperation
    stm32f4xx_flash.o(i.FLASH_OB_WRPConfig) refers to stm32f4xx_flash.o(i.FLASH_WaitForLastOperation) for FLASH_WaitForLastOperation
    stm32f4xx_flash.o(i.FLASH_ProgramByte) refers to stm32f4xx_flash.o(i.FLASH_WaitForLastOperation) for FLASH_WaitForLastOperation
    stm32f4xx_flash.o(i.FLASH_ProgramDoubleWord) refers to stm32f4xx_flash.o(i.FLASH_WaitForLastOperation) for FLASH_WaitForLastOperation
    stm32f4xx_flash.o(i.FLASH_ProgramHalfWord) refers to stm32f4xx_flash.o(i.FLASH_WaitForLastOperation) for FLASH_WaitForLastOperation
    stm32f4xx_flash.o(i.FLASH_ProgramWord) refers to stm32f4xx_flash.o(i.FLASH_WaitForLastOperation) for FLASH_WaitForLastOperation
    stm32f4xx_flash.o(i.FLASH_WaitForLastOperation) refers to stm32f4xx_flash.o(i.FLASH_GetStatus) for FLASH_GetStatus
    stm32f4xx_gpio.o(i.GPIO_DeInit) refers to stm32f4xx_rcc.o(i.RCC_AHB1PeriphResetCmd) for RCC_AHB1PeriphResetCmd
    stm32f4xx_rcc.o(i.RCC_GetClocksFreq) refers to stm32f4xx_rcc.o(.data) for APBAHBPrescTable
    stm32f4xx_rcc.o(i.RCC_WaitForHSEStartUp) refers to stm32f4xx_rcc.o(i.RCC_GetFlagStatus) for RCC_GetFlagStatus
    stm32f4xx_tim.o(i.TIM_DeInit) refers to stm32f4xx_rcc.o(i.RCC_APB2PeriphResetCmd) for RCC_APB2PeriphResetCmd
    stm32f4xx_tim.o(i.TIM_DeInit) refers to stm32f4xx_rcc.o(i.RCC_APB1PeriphResetCmd) for RCC_APB1PeriphResetCmd
    stm32f4xx_tim.o(i.TIM_ETRClockMode1Config) refers to stm32f4xx_tim.o(i.TIM_ETRConfig) for TIM_ETRConfig
    stm32f4xx_tim.o(i.TIM_ETRClockMode2Config) refers to stm32f4xx_tim.o(i.TIM_ETRConfig) for TIM_ETRConfig
    stm32f4xx_tim.o(i.TIM_ICInit) refers to stm32f4xx_tim.o(i.TI1_Config) for TI1_Config
    stm32f4xx_tim.o(i.TIM_ICInit) refers to stm32f4xx_tim.o(i.TIM_SetIC1Prescaler) for TIM_SetIC1Prescaler
    stm32f4xx_tim.o(i.TIM_ICInit) refers to stm32f4xx_tim.o(i.TI2_Config) for TI2_Config
    stm32f4xx_tim.o(i.TIM_ICInit) refers to stm32f4xx_tim.o(i.TIM_SetIC2Prescaler) for TIM_SetIC2Prescaler
    stm32f4xx_tim.o(i.TIM_ICInit) refers to stm32f4xx_tim.o(i.TI3_Config) for TI3_Config
    stm32f4xx_tim.o(i.TIM_ICInit) refers to stm32f4xx_tim.o(i.TIM_SetIC3Prescaler) for TIM_SetIC3Prescaler
    stm32f4xx_tim.o(i.TIM_ICInit) refers to stm32f4xx_tim.o(i.TI4_Config) for TI4_Config
    stm32f4xx_tim.o(i.TIM_ICInit) refers to stm32f4xx_tim.o(i.TIM_SetIC4Prescaler) for TIM_SetIC4Prescaler
    stm32f4xx_tim.o(i.TIM_ITRxExternalClockConfig) refers to stm32f4xx_tim.o(i.TIM_SelectInputTrigger) for TIM_SelectInputTrigger
    stm32f4xx_tim.o(i.TIM_PWMIConfig) refers to stm32f4xx_tim.o(i.TI1_Config) for TI1_Config
    stm32f4xx_tim.o(i.TIM_PWMIConfig) refers to stm32f4xx_tim.o(i.TIM_SetIC1Prescaler) for TIM_SetIC1Prescaler
    stm32f4xx_tim.o(i.TIM_PWMIConfig) refers to stm32f4xx_tim.o(i.TI2_Config) for TI2_Config
    stm32f4xx_tim.o(i.TIM_PWMIConfig) refers to stm32f4xx_tim.o(i.TIM_SetIC2Prescaler) for TIM_SetIC2Prescaler
    stm32f4xx_tim.o(i.TIM_TIxExternalClockConfig) refers to stm32f4xx_tim.o(i.TI2_Config) for TI2_Config
    stm32f4xx_tim.o(i.TIM_TIxExternalClockConfig) refers to stm32f4xx_tim.o(i.TI1_Config) for TI1_Config
    stm32f4xx_tim.o(i.TIM_TIxExternalClockConfig) refers to stm32f4xx_tim.o(i.TIM_SelectInputTrigger) for TIM_SelectInputTrigger
    stm32f4xx_usart.o(i.USART_DeInit) refers to stm32f4xx_rcc.o(i.RCC_APB2PeriphResetCmd) for RCC_APB2PeriphResetCmd
    stm32f4xx_usart.o(i.USART_DeInit) refers to stm32f4xx_rcc.o(i.RCC_APB1PeriphResetCmd) for RCC_APB1PeriphResetCmd
    stm32f4xx_usart.o(i.USART_Init) refers to stm32f4xx_rcc.o(i.RCC_GetClocksFreq) for RCC_GetClocksFreq
    system_stm32f4xx.o(i.SystemCoreClockUpdate) refers to system_stm32f4xx.o(.data) for SystemCoreClock
    system_stm32f4xx.o(i.SystemInit) refers to system_stm32f4xx.o(i.SetSysClock) for SetSysClock
    startup_stm32f4xx.o(RESET) refers to startup_stm32f4xx.o(STACK) for __initial_sp
    startup_stm32f4xx.o(RESET) refers to startup_stm32f4xx.o(.text) for Reset_Handler
    startup_stm32f4xx.o(RESET) refers to systime.o(i.TIM6_DAC_IRQHandler) for TIM6_DAC_IRQHandler
[...]
    i.USART_DMACmd                           0x08010956   Section        0  stm32f4xx_usart.o(i.USART_DMACmd)
    i.USART_DeInit                           0x08010968   Section        0  stm32f4xx_usart.o(i.USART_DeInit)
    i.USART_Init                             0x08010a1c   Section        0  stm32f4xx_usart.o(i.USART_Init)
    i.VariancePrediction                     0x08010af0   Section        0  kalman_lib.o(i.VariancePrediction)
    i.VarianceUpdate                         0x08010b16   Section        0  kalman_lib.o(i.VarianceUpdate)
    i.WriteConfig                            0x08010c10   Section        0  eeprom.o(i.WriteConfig)
    i.YawCtrl                                0x08010c7c   Section        0  process_ctrl.o(i.YawCtrl)
    i.__ARM_fpclassify                       0x08011158   Section        0  fpclassify.o(i.__ARM_fpclassify)
    i.__hardfp_asin                          0x08011188   Section        0  asin.o(i.__hardfp_asin)
    i.__hardfp_atan                          0x080114e8   Section        0  atan.o(i.__hardfp_atan)
    i.__hardfp_atan2                         0x080117c0   Section        0  atan2.o(i.__hardfp_atan2)
    i.__hardfp_cos                           0x080119b0   Section        0  cos.o(i.__hardfp_cos)
    i.__hardfp_fabs                          0x08011a78   Section        0  fabs.o(i.__hardfp_fabs)
    i.__hardfp_sin                           0x08011a90   Section        0  sin.o(i.__hardfp_sin)
    i.__hardfp_sqrt                          0x08011b58   Section        0  sqrt.o(i.__hardfp_sqrt)
    i.__ieee754_rem_pio2                     0x08011bd8   Section        0  rred.o(i.__ieee754_rem_pio2)
    i.__kernel_cos                           0x08012010   Section        0  cos_i.o(i.__kernel_cos)
    i.__kernel_poly                          0x08012180   Section        0  poly.o(i.__kernel_poly)
    i.__kernel_sin                           0x08012278   Section        0  sin_i.o(i.__kernel_sin)
    i.__mathlib_dbl_infnan                   0x080123a8   Section        0  dunder.o(i.__mathlib_dbl_infnan)
    i.__mathlib_dbl_infnan2                  0x080123bc   Section        0  dunder.o(i.__mathlib_dbl_infnan2)
    i.__mathlib_dbl_invalid                  0x080123d0   Section        0  dunder.o(i.__mathlib_dbl_invalid)
    i.__mathlib_dbl_underflow                0x080123f0   Section        0  dunder.o(i.__mathlib_dbl_underflow)
    i.__scatterload_copy                     0x08012410   Section       14  handlers.o(i.__scatterload_copy)
    i.__scatterload_zeroinit                 0x0801241e   Section       14  handlers.o(i.__scatterload_zeroinit)
    i.__set_errno                            0x0801242c   Section        0  errno.o(i.__set_errno)
    i.atan                                   0x08012438   Section        0  atan.o(i.atan)
    i.fabs                                   0x08012448   Section        0  fabs.o(i.fabs)
    i.free                                   0x08012460   Section        0  matrix.o(i.free)
    i.invSqrt                                0x08012484   Section        0  madgwickahrs.o(i.invSqrt)
    i.load_params                            0x080124c0   Section        0  eeprom.o(i.load_params)
    i.main                                   0x080124d4   Section        0  main.o(i.main)
    i.malloc                                 0x080126f0   Section        0  matrix.o(i.malloc)
    i.sign                                   0x08012720   Section        0  math_lib.o(i.sign)
    i.sqrt                                   0x08012734   Section        0  sqrt.o(i.sqrt)
    i.swap                                   0x080127a4   Section        0  matrixinv.o(i.swap)
    .constdata                               0x080127c8   Section       24  ellipsoid.o(.constdata)
    .constdata                               0x080127e0   Section       80  asin.o(.constdata)
    pS                                       0x080127e0   Data          48  asin.o(.constdata)
    qS                                       0x08012810   Data          32  asin.o(.constdata)
    .constdata                               0x08012830   Section      152  atan.o(.constdata)
    atanhi                                   0x08012830   Data          32  atan.o(.constdata)
    atanlo                                   0x08012850   Data          32  atan.o(.constdata)
    aTodd                                    0x08012870   Data          40  atan.o(.constdata)
    aTeven                                   0x08012898   Data          48  atan.o(.constdata)
    .constdata                               0x080128c8   Section       48  cos_i.o(.constdata)
    C                                        0x080128c8   Data          48  cos_i.o(.constdata)
    .constdata                               0x080128f8   Section        8  qnan.o(.constdata)
    .constdata                               0x08012900   Section      200  rred.o(.constdata)
    pio2s                                    0x08012900   Data          48  rred.o(.constdata)
    twooverpi                                0x08012930   Data         152  rred.o(.constdata)
    .constdata                               0x080129c8   Section       40  sin_i.o(.constdata)
    S                                        0x080129c8   Data          40  sin_i.o(.constdata)
    .data                                    0x20000000   Section       16  stm32f4xx_rcc.o(.data)
    APBAHBPrescTable                         0x20000000   Data          16  stm32f4xx_rcc.o(.data)
    .data                                    0x20000010   Section        8  main.o(.data)
    .data                                    0x20000018   Section        5  dataframe.o(.data)
    setup                                    0x2000001c   Data           1  dataframe.o(.data)
    .data                                    0x20000020   Section       16  alt_filter.o(.data)
    acc_mean                                 0x20000020   Data           4  alt_filter.o(.data)
    acc_z_mean                               0x20000024   Data           4  alt_filter.o(.data)
    acc_z_ok_time                            0x20000028   Data           4  alt_filter.o(.data)
    acc_z_is_init                            0x2000002c   Data           4  alt_filter.o(.data)
    .data                                    0x20000030   Section      296  imu.o(.data)
    deltat_s                                 0x20000100   Data           4  imu.o(.data)
    a_s                                      0x20000104   Data          12  imu.o(.data)
    a_s2                                     0x20000110   Data          12  imu.o(.data)
    yaw_r                                    0x2000011c   Data           4  imu.o(.data)
    pitch_r                                  0x20000120   Data           4  imu.o(.data)
    roll_r                                   0x20000124   Data           4  imu.o(.data)
    gyro_init                                0x20000128   Data           4  imu.o(.data)
    i                                        0x2000012c   Data           4  imu.o(.data)
    init_index                               0x20000130   Data           4  imu.o(.data)
    gyro_deltat                              0x20000134   Data           4  imu.o(.data)
    cnt                                      0x20000138   Data           4  imu.o(.data)
    cnt                                      0x2000013c   Data           4  imu.o(.data)
    point_cnt                                0x20000140   Data           4  imu.o(.data)
    ax_s                                     0x20000144   Data           4  imu.o(.data)
    ay_s                                     0x20000148   Data           4  imu.o(.data)
    az_s                                     0x2000014c   Data           4  imu.o(.data)
    cnt                                      0x20000150   Data           4  imu.o(.data)
    point_cnt                                0x20000154   Data           4  imu.o(.data)
    .data                                    0x20000158   Section       24  madgwickahrs.o(.data)
    .data                                    0x20000170   Section        2  beep.o(.data)
    .data                                    0x20000172   Section        1  led.o(.data)
    .data                                    0x20000174   Section        4  systime.o(.data)
    .data                                    0x20000178   Section       44  process_ctrl.o(.data)
    az_line_mean                             0x20000194   Data           4  process_ctrl.o(.data)
    height_speed                             0x20000198   Data           4  process_ctrl.o(.data)
    reset_cnt                                0x2000019c   Data           4  process_ctrl.o(.data)
    stop_cnt                                 0x200001a0   Data           4  process_ctrl.o(.data)
    .data                                    0x200001a4   Section       36  process_status_transition.o(.data)
    start_cnt                                0x200001a4   Data           4  process_status_transition.o(.data)
    stop_last                                0x200001a8   Data           4  process_status_transition.o(.data)
    fly_flag                                 0x200001ac   Data           1  process_status_transition.o(.data)
    gyro                                     0x200001b0   Data          12  process_status_transition.o(.data)
    gyro_ok_cnt                              0x200001bc   Data           4  process_status_transition.o(.data)
    takeoff_cnt                              0x200001c0   Data           4  process_status_transition.o(.data)
    no_takeoff_cnt                           0x200001c4   Data           4  process_status_transition.o(.data)
    .data                                    0x200001c8   Section        4  matrix.o(.data)
    .data                                    0x200001cc   Section       32  ellipsoid.o(.data)
    .data                                    0x200001ec   Section        4  errno.o(.data)
    _errno                                   0x200001ec   Data           4  errno.o(.data)
    .bss                                     0x200001f0   Section     1520  main.o(.bss)
    .bss                                     0x200007e0   Section      144  time.o(.bss)
    .bss                                     0x20000870   Section     4000  usart1.o(.bss)
    .bss                                     0x20001810   Section      800  usart2.o(.bss)
    .bss                                     0x20001b30   Section      104  dataframe.o(.bss)
    .bss                                     0x20001b98   Section      296  alt_filter.o(.bss)
    .bss                                     0x20001cc0   Section      376  imu.o(.bss)
    g_s                                      0x20001d30   Data          12  imu.o(.bss)
    gyro_data                                0x20001d3c   Data         240  imu.o(.bss)
    gyro                                     0x20001e2c   Data          12  imu.o(.bss)
    .bss                                     0x20001e38   Section      528  eeprom.o(.bss)
    .bss                                     0x20002048   Section    20480  matrix.o(.bss)
    .bss                                     0x20007048   Section    12000  ellipsoid.o(.bss)
    STACK                                    0x20009f28   Section     1024  startup_stm32f4xx.o(STACK)

    Global Symbols

    Symbol Name                              Value     Ov Type        Size  Object(Section)

    BuildAttributes$$THM_ISAv4$E$P$D$K$B$S$7EM$VFPi3$EXTD16$VFPS$VFMA$PE$A:L22UL41UL21$X:L11$S22US41US21$IEEE1$IW$USESV6$~STKCKD$USESV7$~SHL$OTIME$ROPI$IEEEX$EBA8$MICROLIB$REQ8$PRES8$EABIv2 0x00000000   Number         0  anon$$obj.o ABSOLUTE
    __ARM_use_no_argv                        0x00000000   Number         0  main.o ABSOLUTE
    __cpp_initialize__aeabi_                  - Undefined Weak Reference
    __cxa_finalize                            - Undefined Weak Reference
    _clock_init                               - Undefined Weak Reference
    _microlib_exit                            - Undefined Weak Reference
    __Vectors_Size                           0x00000188   Number         0  startup_stm32f4xx.o ABSOLUTE
    __Vectors                                0x08000000   Data           4  startup_stm32f4xx.o(RESET)
    __Vectors_End                            0x08000188   Data           0  startup_stm32f4xx.o(RESET)
    __main                                   0x08000189   Thumb Code     0  entry.o(.ARM.Collect$$$$00000000)
    _main_stk                                0x08000189   Thumb Code     0  entry2.o(.ARM.Collect$$$$00000001)
    _main_scatterload                        0x0800018d   Thumb Code     0  entry5.o(.ARM.Collect$$$$00000004)
    __main_after_scatterload                 0x08000191   Thumb Code     0  entry5.o(.ARM.Collect$$$$00000004)
    _main_clock                              0x08000191   Thumb Code     0  entry7b.o(.ARM.Collect$$$$00000008)
    _main_cpp_init                           0x08000191   Thumb Code     0  entry8b.o(.ARM.Collect$$$$0000000A)
    _main_init                               0x08000191   Thumb Code     0  entry9a.o(.ARM.Collect$$$$0000000B)
    __rt_final_cpp                           0x08000199   Thumb Code     0  entry10a.o(.ARM.Collect$$$$0000000D)
    __rt_final_exit                          0x08000199   Thumb Code     0  entry11a.o(.ARM.Collect$$$$0000000F)
    Reset_Handler                            0x0800019d   Thumb Code     8  startup_stm32f4xx.o(.text)
    NMI_Handler                              0x080001a5   Thumb Code     2  startup_stm32f4xx.o(.text)
    HardFault_Handler                        0x080001a7   Thumb Code     2  startup_stm32f4xx.o(.text)
    MemManage_Handler                        0x080001a9   Thumb Code     2  startup_stm32f4xx.o(.text)
    BusFault_Handler                         0x080001ab   Thumb Code     2  startup_stm32f4xx.o(.text)
    UsageFault_Handler                       0x080001ad   Thumb Code     2  startup_stm32f4xx.o(.text)
    SVC_Handler                              0x080001af   Thumb Code     2  startup_stm32f4xx.o(.text)
    DebugMon_Handler                         0x080001b1   Thumb Code     2  startup_stm32f4xx.o(.text)
    PendSV_Handler                           0x080001b3   Thumb Code     2  startup_stm32f4xx.o(.text)
    SysTick_Handler                          0x080001b5   Thumb Code     2  startup_stm32f4xx.o(.text)
    ADC_IRQHandler                           0x080001b7   Thumb Code     0  startup_stm32f4xx.o(.text)
    CAN1_RX0_IRQHandler                      0x080001b7   Thumb Code     0  startup_stm32f4xx.o(.text)
    CAN1_RX1_IRQHandler                      0x080001b7   Thumb Code     0  startup_stm32f4xx.o(.text)
    CAN1_SCE_IRQHandler                      0x080001b7   Thumb Code     0  startup_stm32f4xx.o(.text)
    CAN1_TX_IRQHandler                       0x080001b7   Thumb Code     0  startup_stm32f4xx.o(.text)
    CAN2_RX0_IRQHandler                      0x080001b7   Thumb Code     0  startup_stm32f4xx.o(.text)
    CAN2_RX1_IRQHandler                      0x080001b7   Thumb Code     0  startup_stm32f4xx.o(.text)
    CAN2_SCE_IRQHandler                      0x080001b7   Thumb Code     0  startup_stm32f4xx.o(.text)
    CAN2_TX_IRQHandler                       0x080001b7   Thumb Code     0  startup_stm32f4xx.o(.text)
    CRYP_IRQHandler                          0x080001b7   Thumb Code     0  startup_stm32f4xx.o(.text)
    DCMI_IRQHandler                          0x080001b7   Thumb Code     0  startup_stm32f4xx.o(.text)
    DMA1_Stream0_IRQHandler                  0x080001b7   Thumb Code     0  startup_stm32f4xx.o(.text)
    DMA1_Stream1_IRQHandler                  0x080001b7   Thumb Code     0  startup_stm32f4xx.o(.text)
    DMA1_Stream2_IRQHandler                  0x080001b7   Thumb Code     0  startup_stm32f4xx.o(.text)
    DMA1_Stream3_IRQHandler                  0x080001b7   Thumb Code     0  startup_stm32f4xx.o(.text)
    DMA1_Stream4_IRQHandler                  0x080001b7   Thumb Code     0  startup_stm32f4xx.o(.text)
    DMA1_Stream5_IRQHandler                  0x080001b7   Thumb Code     0  startup_stm32f4xx.o(.text)
    DMA1_Stream6_IRQHandler                  0x080001b7   Thumb Code     0  startup_stm32f4xx.o(.text)
    DMA1_Stream7_IRQHandler                  0x080001b7   Thumb Code     0  startup_stm32f4xx.o(.text)
    DMA2_Stream0_IRQHandler                  0x080001b7   Thumb Code     0  startup_stm32f4xx.o(.text)
    DMA2_Stream1_IRQHandler                  0x080001b7   Thumb Code     0  startup_stm32f4xx.o(.text)
    DMA2_Stream2_IRQHandler                  0x080001b7   Thumb Code     0  startup_stm32f4xx.o(.text)
    DMA2_Stream3_IRQHandler                  0x080001b7   Thumb Code     0  startup_stm32f4xx.o(.text)
    DMA2_Stream4_IRQHandler                  0x080001b7   Thumb Code     0  startup_stm32f4xx.o(.text)
    DMA2_Stream5_IRQHandler                  0x080001b7   Thumb Code     0  startup_stm32f4xx.o(.text)
    DMA2_Stream6_IRQHandler                  0x080001b7   Thumb Code     0  startup_stm32f4xx.o(.text)
    DMA2_Stream7_IRQHandler                  0x080001b7   Thumb Code     0  startup_stm32f4xx.o(.text)
    ETH_IRQHandler                           0x080001b7   Thumb Code     0  startup_stm32f4xx.o(.text)
    ETH_WKUP_IRQHandler                      0x080001b7   Thumb Code     0  startup_stm32f4xx.o(.text)
    EXTI0_IRQHandler                         0x080001b7   Thumb Code     0  startup_stm32f4xx.o(.text)
    EXTI15_10_IRQHandler                     0x080001b7   Thumb Code     0  startup_stm32f4xx.o(.text)
    EXTI1_IRQHandler                         0x080001b7   Thumb Code     0  startup_stm32f4xx.o(.text)
    EXTI2_IRQHandler                         0x080001b7   Thumb Code     0  startup_stm32f4xx.o(.text)
    EXTI3_IRQHandler                         0x080001b7   Thumb Code     0  startup_stm32f4xx.o(.text)
    EXTI4_IRQHandler                         0x080001b7   Thumb Code     0  startup_stm32f4xx.o(.text)
    EXTI9_5_IRQHandler                       0x080001b7   Thumb Code     0  startup_stm32f4xx.o(.text)
    FLASH_IRQHandler                         0x080001b7   Thumb Code     0  startup_stm32f4xx.o(.text)
    FPU_IRQHandler                           0x080001b7   Thumb Code     0  startup_stm32f4xx.o(.text)
    FSMC_IRQHandler                          0x080001b7   Thumb Code     0  startup_stm32f4xx.o(.text)
    HASH_RNG_IRQHandler                      0x080001b7   Thumb Code     0  startup_stm32f4xx.o(.text)
    I2C1_ER_IRQHandler                       0x080001b7   Thumb Code     0  startup_stm32f4xx.o(.text)
    I2C1_EV_IRQHandler                       0x080001b7   Thumb Code     0  startup_stm32f4xx.o(.text)
    I2C2_ER_IRQHandler                       0x080001b7   Thumb Code     0  startup_stm32f4xx.o(.text)
    I2C2_EV_IRQHandler                       0x080001b7   Thumb Code     0  startup_stm32f4xx.o(.text)
    I2C3_ER_IRQHandler                       0x080001b7   Thumb Code     0  startup_stm32f4xx.o(.text)
    I2C3_EV_IRQHandler                       0x080001b7   Thumb Code     0  startup_stm32f4xx.o(.text)
    OTG_FS_IRQHandler                        0x080001b7   Thumb Code     0  startup_stm32f4xx.o(.text)
    OTG_FS_WKUP_IRQHandler                   0x080001b7   Thumb Code     0  startup_stm32f4xx.o(.text)
    OTG_HS_EP1_IN_IRQHandler                 0x080001b7   Thumb Code     0  startup_stm32f4xx.o(.text)
    OTG_HS_EP1_OUT_IRQHandler                0x080001b7   Thumb Code     0  startup_stm32f4xx.o(.text)
    OTG_HS_IRQHandler                        0x080001b7   Thumb Code     0  startup_stm32f4xx.o(.text)
    OTG_HS_WKUP_IRQHandler                   0x080001b7   Thumb Code     0  startup_stm32f4xx.o(.text)
    PVD_IRQHandler                           0x080001b7   Thumb Code     0  startup_stm32f4xx.o(.text)
    RCC_IRQHandler                           0x080001b7   Thumb Code     0  startup_stm32f4xx.o(.text)
    RTC_Alarm_IRQHandler                     0x080001b7   Thumb Code     0  startup_stm32f4xx.o(.text)
    RTC_WKUP_IRQHandler                      0x080001b7   Thumb Code     0  startup_stm32f4xx.o(.text)
    SDIO_IRQHandler                          0x080001b7   Thumb Code     0  startup_stm32f4xx.o(.text)
    SPI1_IRQHandler                          0x080001b7   Thumb Code     0  startup_stm32f4xx.o(.text)
    SPI2_IRQHandler                          0x080001b7   Thumb Code     0  startup_stm32f4xx.o(.text)
    SPI3_IRQHandler                          0x080001b7   Thumb Code     0  startup_stm32f4xx.o(.text)
    TAMP_STAMP_IRQHandler                    0x080001b7   Thumb Code     0  startup_stm32f4xx.o(.text)
    TIM1_BRK_TIM9_IRQHandler                 0x080001b7   Thumb Code     0  startup_stm32f4xx.o(.text)
    TIM1_CC_IRQHandler                       0x080001b7   Thumb Code     0  startup_stm32f4xx.o(.text)
    TIM1_TRG_COM_TIM11_IRQHandler            0x080001b7   Thumb Code     0  startup_stm32f4xx.o(.text)
    TIM1_UP_TIM10_IRQHandler                 0x080001b7   Thumb Code     0  startup_stm32f4xx.o(.text)
    TIM2_IRQHandler                          0x080001b7   Thumb Code     0  startup_stm32f4xx.o(.text)
    TIM3_IRQHandler                          0x080001b7   Thumb Code     0  startup_stm32f4xx.o(.text)
    TIM4_IRQHandler                          0x080001b7   Thumb Code     0  startup_stm32f4xx.o(.text)
    TIM5_IRQHandler                          0x080001b7   Thumb Code     0  startup_stm32f4xx.o(.text)
    TIM7_IRQHandler                          0x080001b7   Thumb Code     0  startup_stm32f4xx.o(.text)
    TIM8_BRK_TIM12_IRQHandler                0x080001b7   Thumb Code     0  startup_stm32f4xx.o(.text)
    TIM8_CC_IRQHandler                       0x080001b7   Thumb Code     0  startup_stm32f4xx.o(.text)
    TIM8_TRG_COM_TIM14_IRQHandler            0x080001b7   Thumb Code     0  startup_stm32f4xx.o(.text)
    TIM8_UP_TIM13_IRQHandler                 0x080001b7   Thumb Code     0  startup_stm32f4xx.o(.text)
    UART4_IRQHandler                         0x080001b7   Thumb Code     0  startup_stm32f4xx.o(.text)
    UART5_IRQHandler                         0x080001b7   Thumb Code     0  startup_stm32f4xx.o(.text)
    USART1_IRQHandler                        0x080001b7   Thumb Code     0  startup_stm32f4xx.o(.text)
    USART2_IRQHandler                        0x080001b7   Thumb Code     0  startup_stm32f4xx.o(.text)
    USART3_IRQHandler                        0x080001b7   Thumb Code     0  startup_stm32f4xx.o(.text)
    USART6_IRQHandler                        0x080001b7   Thumb Code     0  startup_stm32f4xx.o(.text)
    WWDG_IRQHandler                          0x080001b7   Thumb Code     0  startup_stm32f4xx.o(.text)
    __aeabi_memcpy                           0x080001c1   Thumb Code    36  memcpya.o(.text)
    __aeabi_memcpy4                          0x080001c1   Thumb Code     0  memcpya.o(.text)
    __aeabi_memcpy8                          0x080001c1   Thumb Code     0  memcpya.o(.text)
    __aeabi_memset                           0x080001e5   Thumb Code    14  memseta.o(.text)
    __aeabi_memset4                          0x080001e5   Thumb Code     0  memseta.o(.text)
    __aeabi_memset8                          0x080001e5   Thumb Code     0  memseta.o(.text)
    __aeabi_memclr                           0x080001f3   Thumb Code     4  memseta.o(.text)
    __aeabi_memclr4                          0x080001f3   Thumb Code     0  memseta.o(.text)
    __aeabi_memclr8                          0x080001f3   Thumb Code     0  memseta.o(.text)
    _memset$wrapper                          0x080001f7   Thumb Code    18  memseta.o(.text)
    __aeabi_dmul                             0x08000209   Thumb Code   228  dmul.o(.text)
    __aeabi_ddiv                             0x080002ed   Thumb Code   222  ddiv.o(.text)
    __aeabi_i2d                              0x080003cb   Thumb Code    34  dflti.o(.text)
    __aeabi_ui2d                             0x080003ed   Thumb Code    26  dfltui.o(.text)
    __aeabi_f2d                              0x08000407   Thumb Code    38  f2d.o(.text)
    __aeabi_cdcmpeq                          0x0800042d   Thumb Code     0  cdcmple.o(.text)
    __aeabi_cdcmple                          0x0800042d   Thumb Code    48  cdcmple.o(.text)
    __aeabi_cdrcmple                         0x0800045d   Thumb Code    48  cdrcmple.o(.text)
    __aeabi_d2f                              0x0800048d   Thumb Code    56  d2f.o(.text)
    __I$use$fp                               0x080004c5   Thumb Code     0  iusefp.o(.text)
    _float_round                             0x080004c5   Thumb Code    18  fepilogue.o(.text)
    _float_epilogue                          0x080004d7   Thumb Code    92  fepilogue.o(.text)
    _double_round                            0x08000533   Thumb Code    30  depilogue.o(.text)
    _double_epilogue                         0x08000551   Thumb Code   156  depilogue.o(.text)
    __aeabi_dadd                             0x080005ed   Thumb Code   322  dadd.o(.text)
    __aeabi_dsub                             0x0800072f   Thumb Code     6  dadd.o(.text)
    __aeabi_drsub                            0x08000735   Thumb Code     6  dadd.o(.text)
    _dsqrt                                   0x0800073b   Thumb Code   162  dsqrt.o(.text)
    __scatterload                            0x080007dd   Thumb Code    28  init.o(.text)
    __scatterload_rt2                        0x080007dd   Thumb Code     0  init.o(.text)
    __aeabi_llsl                             0x08000801   Thumb Code    30  llshl.o(.text)
    _ll_shift_l                              0x08000801   Thumb Code     0  llshl.o(.text)
    __aeabi_llsr                             0x0800081f   Thumb Code    32  llushr.o(.text)
    _ll_ushift_r                             0x0800081f   Thumb Code     0  llushr.o(.text)
    __aeabi_lasr                             0x0800083f   Thumb Code    36  llsshr.o(.text)
    _ll_sshift_r                             0x0800083f   Thumb Code     0  llsshr.o(.text)
    __aeabi_d2iz                             0x08000863   Thumb Code    62  dfixi.o(.text)
    __decompress                             0x080008a1   Thumb Code     0  __dczerorl2.o(.text)
    __decompress1                            0x080008a1   Thumb Code    86  __dczerorl2.o(.text)
    ABS                                      0x080008f7   Thumb Code    26  ellipsoid.o(i.ABS)
    AHRS_D2R                                 0x08000911   Thumb Code    14  madgwickahrs.o(i.AHRS_D2R)
    AHRS_GetAngle                            0x08000925   Thumb Code   438  madgwickahrs.o(i.AHRS_GetAngle)
    AHRS_LimitAngle                          0x08000aed   Thumb Code    56  madgwickahrs.o(i.AHRS_LimitAngle)
    AHRS_R2D                                 0x08000b31   Thumb Code    14  madgwickahrs.o(i.AHRS_R2D)
    AHRS_SetQFromAngle                       0x08000b45   Thumb Code   442  madgwickahrs.o(i.AHRS_SetQFromAngle)
    AHRS_Update6                             0x08000d15   Thumb Code   936  madgwickahrs.o(i.AHRS_Update6)
    AHRS_UpdateYaw                           0x080010d1   Thumb Code    76  madgwickahrs.o(i.AHRS_UpdateYaw)
    ALT_FILTER_Config                        0x08001125   Thumb Code   302  alt_filter.o(i.ALT_FILTER_Config)
    ALT_FILTER_SetDefaultQR                  0x08001289   Thumb Code    64  alt_filter.o(i.ALT_FILTER_SetDefaultQR)
    ALT_FILTER_SetQR                         0x080012e5   Thumb Code    50  alt_filter.o(i.ALT_FILTER_SetQR)
    ALT_Update                               0x08001321   Thumb Code   840  alt_filter.o(i.ALT_Update)
    Abs                                      0x080016ad   Thumb Code    26  matrixinv.o(i.Abs)
    AddDead                                  0x080016c7   Thumb Code   182  math_lib.o(i.AddDead)
    BEEP_Ack                                 0x0800177d   Thumb Code    66  beep.o(i.BEEP_Ack)
    BEEP_Config                              0x080017cd   Thumb Code    58  beep.o(i.BEEP_Config)
    BEEP_ESC                                 0x08001811   Thumb Code   218  beep.o(i.BEEP_ESC)
    BEEP_Flash                               0x080018f5   Thumb Code    50  beep.o(i.BEEP_Flash)
    BEEP_Idle                                0x0800192d   Thumb Code     8  beep.o(i.BEEP_Idle)
    BEEP_LowVolt                             0x08001939   Thumb Code    64  beep.o(i.BEEP_LowVolt)
    BEEP_Routing                             0x08001985   Thumb Code    86  beep.o(i.BEEP_Routing)
    BEEP_SetStatus                           0x080019e5   Thumb Code    50  beep.o(i.BEEP_SetStatus)
    BEEP_Start                               0x08001a21   Thumb Code   106  beep.o(i.BEEP_Start)
    BEEP_Stop                                0x08001a99   Thumb Code   102  beep.o(i.BEEP_Stop)
    CTRL_Config                              0x08001b11   Thumb Code  1268  main.o(i.CTRL_Config)
    CalculateGain                            0x08002005   Thumb Code   214  kalman_lib.o(i.CalculateGain)
    CmdProcess                               0x080020e1   Thumb Code   492  process_cmd.o(i.CmdProcess)
    ControllerReset                          0x080022ed   Thumb Code   110  main.o(i.ControllerReset)
    CtrlProcess                              0x08002389   Thumb Code    28  process_ctrl.o(i.CtrlProcess)
    DMA_Cmd                                  0x080023a5   Thumb Code    22  stm32f4xx_dma.o(i.DMA_Cmd)
    DMA_GetCmdStatus                         0x080023bb   Thumb Code    20  stm32f4xx_dma.o(i.DMA_GetCmdStatus)
    DMA_GetCurrDataCounter                   0x080023cf   Thumb Code     8  stm32f4xx_dma.o(i.DMA_GetCurrDataCounter)
    DMA_Init                                 0x080023d9   Thumb Code    82  stm32f4xx_dma.o(i.DMA_Init)
    DMA_SetCurrDataCounter                   0x08002431   Thumb Code     4  stm32f4xx_dma.o(i.DMA_SetCurrDataCounter)
    DataFrame_CheckFifo                      0x08002435   Thumb Code   388  dataframe_lib_m4.o(i.DataFrame_CheckFifo)
    DataFrame_GetData                        0x080025b9   Thumb Code   892  dataframe.o(i.DataFrame_GetData)
    DataFrame_Init                           0x08002951   Thumb Code   144  dataframe.o(i.DataFrame_Init)
    DataFrame_SendData                       0x08002a09   Thumb Code   988  dataframe.o(i.DataFrame_SendData)
    DataFrame_SendParams                     0x08002e29   Thumb Code   138  dataframe.o(i.DataFrame_SendParams)
    DataFrame_UpdateReadIndex                0x08002eb5   Thumb Code   482  dataframe_lib_m4.o(i.DataFrame_UpdateReadIndex)
    DataFrame_WriteFifo                      0x080030ad   Thumb Code   294  dataframe_lib_m4.o(i.DataFrame_WriteFifo)
    DataProcess                              0x080031d5   Thumb Code   356  process_ctrl.o(i.DataProcess)
    ELLIPSOID_AddPoint                       0x08003379   Thumb Code   122  ellipsoid.o(i.ELLIPSOID_AddPoint)
    ELLIPSOID_AntiNorm                       0x08003401   Thumb Code  2908  ellipsoid.o(i.ELLIPSOID_AntiNorm)
    ELLIPSOID_Fitting                        0x08003f5d   Thumb Code    54  ellipsoid.o(i.ELLIPSOID_Fitting)
    FLASH_ClearFlag                          0x08003f9d   Thumb Code     6  stm32f4xx_flash.o(i.FLASH_ClearFlag)
    FLASH_GetStatus                          0x08003fa9   Thumb Code    66  stm32f4xx_flash.o(i.FLASH_GetStatus)
    Float2FloatWord                          0x08003ff1   Thumb Code     6  dataframe_lib_m4.o(i.Float2FloatWord)
    FloatWord2Float                          0x08003ff7   Thumb Code     6  dataframe_lib_m4.o(i.FloatWord2Float)
    SensorProcess                            0x08003ffd   Thumb Code     2  process_sensor.o(i.SensorProcess)
    __scatterload_null                       0x08003fff   Thumb Code     2  handlers.o(i.__scatterload_null)
    PARAMS_REGION                            0x08004000   Data       16384  eeprom.o(.ARM.__AT_0x08004000)
    ELLIPSOID_Fitting_no_rot                 0x08008001   Thumb Code   360  ellipsoid.o(i.ELLIPSOID_Fitting_no_rot)
    ELLIPSOID_Fitting_rot                    0x08008179   Thumb Code   410  ellipsoid.o(i.ELLIPSOID_Fitting_rot)
    ELLIPSOID_Norm                           0x08008321   Thumb Code  1434  ellipsoid.o(i.ELLIPSOID_Norm)
    ELLIPSOID_Reset                          0x080088d9   Thumb Code    86  ellipsoid.o(i.ELLIPSOID_Reset)
    FLASH_EraseSector                        0x08008945   Thumb Code   130  stm32f4xx_flash.o(i.FLASH_EraseSector)
    FLASH_Lock                               0x080089cd   Thumb Code    14  stm32f4xx_flash.o(i.FLASH_Lock)
    FLASH_ProgramWord                        0x080089e1   Thumb Code    74  stm32f4xx_flash.o(i.FLASH_ProgramWord)
    FLASH_Unlock                             0x08008a31   Thumb Code    24  stm32f4xx_flash.o(i.FLASH_Unlock)
    FLASH_WaitForLastOperation               0x08008a55   Thumb Code    34  stm32f4xx_flash.o(i.FLASH_WaitForLastOperation)
    Float2Halfword                           0x08008a79   Thumb Code   110  dataframe_lib_m4.o(i.Float2Halfword)
    GPIO_Init                                0x08008af5   Thumb Code   144  stm32f4xx_gpio.o(i.GPIO_Init)
    GPIO_PinAFConfig                         0x08008b85   Thumb Code    70  stm32f4xx_gpio.o(i.GPIO_PinAFConfig)
    GetConfig                                0x08008bcd   Thumb Code  2192  eeprom.o(i.GetConfig)
    GetDeltaAngle                            0x0800946d   Thumb Code   142  math_lib.o(i.GetDeltaAngle)
    GetIndex                                 0x08009505   Thumb Code    28  dataframe_lib_m4.o(i.GetIndex)
    GetPIDParams                             0x08009521   Thumb Code  1752  dataframe.o(i.GetPIDParams)
    HeightCtrl                               0x08009c11   Thumb Code   882  process_ctrl.o(i.HeightCtrl)
    IMU_AngleLowPass                         0x08009fc9   Thumb Code   152  imu.o(i.IMU_AngleLowPass)
    IMU_Calib                                0x0800a06d   Thumb Code   256  imu.o(i.IMU_Calib)
    IMU_CalibAcc                             0x0800a17d   Thumb Code   400  imu.o(i.IMU_CalibAcc)
    IMU_CalibGyro                            0x0800a335   Thumb Code   218  imu.o(i.IMU_CalibGyro)
    IMU_CalibMag                             0x0800a429   Thumb Code   246  imu.o(i.IMU_CalibMag)
    IMU_Config                               0x0800a535   Thumb Code    12  imu.o(i.IMU_Config)
    IMU_LimitAngle                           0x0800a549   Thumb Code    56  imu.o(i.IMU_LimitAngle)
    IMU_Update                               0x0800a58d   Thumb Code  3622  imu.o(i.IMU_Update)
    InputsTranslate                          0x0800b3c9   Thumb Code    38  alt_filter.o(i.InputsTranslate)
    IntegralReset                            0x0800b3f5   Thumb Code   638  process_ctrl.o(i.IntegralReset)
    IsTakeoff                                0x0800b6d5   Thumb Code   194  process_status_transition.o(i.IsTakeoff)
    KALMAN_Update                            0x0800b7ad   Thumb Code   260  kalman_lib.o(i.KALMAN_Update)
    KeyDecode                                0x0800b8b1   Thumb Code   412  dataframe.o(i.KeyDecode)
    LED1_Flash                               0x0800ba61   Thumb Code    54  led.o(i.LED1_Flash)
    LED1_Idle                                0x0800ba9d   Thumb Code    12  led.o(i.LED1_Idle)
    LED2_Flash                               0x0800baad   Thumb Code    54  led.o(i.LED2_Flash)
    LED2_Idle                                0x0800bae9   Thumb Code    12  led.o(i.LED2_Idle)
    LED3_Flash                               0x0800baf9   Thumb Code    54  led.o(i.LED3_Flash)
    LED3_Idle                                0x0800bb35   Thumb Code    12  led.o(i.LED3_Idle)
    LED4_Flash                               0x0800bb45   Thumb Code    54  led.o(i.LED4_Flash)
    LED4_Idle                                0x0800bb81   Thumb Code    12  led.o(i.LED4_Idle)
    LED_Config                               0x0800bb91   Thumb Code    48  led.o(i.LED_Config)
    LED_Flash                                0x0800bbc5   Thumb Code    66  led.o(i.LED_Flash)
    LED_Idle                                 0x0800bc07   Thumb Code    46  led.o(i.LED_Idle)
    LED_ResetStatus                          0x0800bc35   Thumb Code     8  led.o(i.LED_ResetStatus)
    LED_SetStatus                            0x0800bc41   Thumb Code    48  led.o(i.LED_SetStatus)
    LimitMinMax_float                        0x0800bc79   Thumb Code    42  math_lib.o(i.LimitMinMax_float)
    LoadConfig                               0x0800bca5   Thumb Code    58  eeprom.o(i.LoadConfig)
    MATRIX_A_BT                              0x0800bce5   Thumb Code   124  matrix.o(i.MATRIX_A_BT)
    MATRIX_A_P_AT                            0x0800bd65   Thumb Code   138  matrix.o(i.MATRIX_A_P_AT)
    MATRIX_Add                               0x0800bdef   Thumb Code    84  matrix.o(i.MATRIX_Add)
    MATRIX_CongruentTransformation           0x0800be45   Thumb Code   526  matrix.o(i.MATRIX_CongruentTransformation)
    MATRIX_Copy                              0x0800c059   Thumb Code    68  matrix.o(i.MATRIX_Copy)
    MATRIX_Det                               0x0800c09d   Thumb Code   318  matrix.o(i.MATRIX_Det)
    MATRIX_Inv                               0x0800c1e1   Thumb Code   632  matrixinv.o(i.MATRIX_Inv)
    MATRIX_LeastSquareSolution               0x0800c461   Thumb Code   262  matrix.o(i.MATRIX_LeastSquareSolution)
    MATRIX_Mul                               0x0800c56d   Thumb Code   124  matrix.o(i.MATRIX_Mul)
    MATRIX_Sub                               0x0800c5ed   Thumb Code    84  matrix.o(i.MATRIX_Sub)
    MATRIX_Transpose                         0x0800c641   Thumb Code    66  matrix.o(i.MATRIX_Transpose)
    MATRIX_X_P_XT                            0x0800c685   Thumb Code    94  matrix.o(i.MATRIX_X_P_XT)
    MemoryCopy                               0x0800c6e9   Thumb Code    24  eeprom.o(i.MemoryCopy)
    NVIC_Init                                0x0800c701   Thumb Code   106  misc.o(i.NVIC_Init)
    OutputProcess                            0x0800c779   Thumb Code   100  process_output.o(i.OutputProcess)
    PID_Calculate                            0x0800c7e1   Thumb Code  1388  pid.o(i.PID_Calculate)
    PID_Limit                                0x0800cd51   Thumb Code    46  pid.o(i.PID_Limit)
    PID_Reset                                0x0800cd81   Thumb Code   138  pid.o(i.PID_Reset)
    PID_Reset2                               0x0800ce11   Thumb Code   130  pid.o(i.PID_Reset2)
    PID_StructInit                           0x0800ce99   Thumb Code   318  pid.o(i.PID_StructInit)
    PID_abs                                  0x0800cfdd   Thumb Code    26  pid.o(i.PID_abs)
    PWM_Config                               0x0800cff9   Thumb Code  1038  pwm.o(i.PWM_Config)
    PitchCtrl                                0x0800d431   Thumb Code   458  process_ctrl.o(i.PitchCtrl)
    RCC_AHB1PeriphClockCmd                   0x0800d621   Thumb Code    26  stm32f4xx_rcc.o(i.RCC_AHB1PeriphClockCmd)
    RCC_APB1PeriphClockCmd                   0x0800d641   Thumb Code    26  stm32f4xx_rcc.o(i.RCC_APB1PeriphClockCmd)
    RCC_APB1PeriphResetCmd                   0x0800d661   Thumb Code    26  stm32f4xx_rcc.o(i.RCC_APB1PeriphResetCmd)
    RCC_APB2PeriphClockCmd                   0x0800d681   Thumb Code    26  stm32f4xx_rcc.o(i.RCC_APB2PeriphClockCmd)
    RCC_APB2PeriphResetCmd                   0x0800d6a1   Thumb Code    26  stm32f4xx_rcc.o(i.RCC_APB2PeriphResetCmd)
    RCC_GetClocksFreq                        0x0800d6c1   Thumb Code   214  stm32f4xx_rcc.o(i.RCC_GetClocksFreq)
    RollCtrl                                 0x0800d7a9   Thumb Code   458  process_ctrl.o(i.RollCtrl)
    SendIMUCalibParams                       0x0800d999   Thumb Code   270  dataframe.o(i.SendIMUCalibParams)
    SensorOk                                 0x0800dab1   Thumb Code   358  process_status_transition.o(i.SensorOk)
    SetConfig                                0x0800dc35   Thumb Code  1706  eeprom.o(i.SetConfig)
    SetMotor                                 0x0800e2ed   Thumb Code   772  process_output.o(i.SetMotor)
    SetMotor1                                0x0800e605   Thumb Code   102  process_output.o(i.SetMotor1)
    SetMotor10                               0x0800e67d   Thumb Code   100  process_output.o(i.SetMotor10)
    SetMotor11                               0x0800e6e9   Thumb Code   100  process_output.o(i.SetMotor11)
    SetMotor12                               0x0800e755   Thumb Code   100  process_output.o(i.SetMotor12)
    SetMotor13                               0x0800e7c1   Thumb Code   100  process_output.o(i.SetMotor13)
    SetMotor14                               0x0800e82d   Thumb Code   100  process_output.o(i.SetMotor14)
    SetMotor15                               0x0800e899   Thumb Code   100  process_output.o(i.SetMotor15)
    SetMotor2                                0x0800e905   Thumb Code   102  process_output.o(i.SetMotor2)
    SetMotor3                                0x0800e97d   Thumb Code   102  process_output.o(i.SetMotor3)
    SetMotor4                                0x0800e9f5   Thumb Code   102  process_output.o(i.SetMotor4)
    SetMotor5                                0x0800ea6d   Thumb Code   102  process_output.o(i.SetMotor5)
    SetMotor6                                0x0800eae5   Thumb Code   102  process_output.o(i.SetMotor6)
    SetMotor7                                0x0800eb5d   Thumb Code   100  process_output.o(i.SetMotor7)
    SetMotor8                                0x0800ebc9   Thumb Code   100  process_output.o(i.SetMotor8)
    SetMotor9                                0x0800ec35   Thumb Code   100  process_output.o(i.SetMotor9)
    SetMotorStop                             0x0800eca1   Thumb Code   154  process_output.o(i.SetMotorStop)
    SetMotorThrottle                         0x0800ed41   Thumb Code   166  process_output.o(i.SetMotorThrottle)
    SetPIDParams                             0x0800ede9   Thumb Code  1462  dataframe.o(i.SetPIDParams)
    SetPWM1                                  0x0800f3c9   Thumb Code    88  pwm.o(i.SetPWM1)
    SetPWM10                                 0x0800f42d   Thumb Code    88  pwm.o(i.SetPWM10)
    SetPWM11                                 0x0800f491   Thumb Code    88  pwm.o(i.SetPWM11)
    SetPWM12                                 0x0800f4f5   Thumb Code    88  pwm.o(i.SetPWM12)
    SetPWM13                                 0x0800f559   Thumb Code    88  pwm.o(i.SetPWM13)
    SetPWM14                                 0x0800f5bd   Thumb Code    88  pwm.o(i.SetPWM14)
    SetPWM15                                 0x0800f621   Thumb Code    88  pwm.o(i.SetPWM15)
    SetPWM2                                  0x0800f685   Thumb Code    88  pwm.o(i.SetPWM2)
    SetPWM3                                  0x0800f6e9   Thumb Code    88  pwm.o(i.SetPWM3)
    SetPWM4                                  0x0800f74d   Thumb Code    88  pwm.o(i.SetPWM4)
    SetPWM5                                  0x0800f7b1   Thumb Code    88  pwm.o(i.SetPWM5)
    SetPWM6                                  0x0800f815   Thumb Code    88  pwm.o(i.SetPWM6)
    SetPWM7                                  0x0800f879   Thumb Code    88  pwm.o(i.SetPWM7)
    SetPWM8                                  0x0800f8dd   Thumb Code    88  pwm.o(i.SetPWM8)
    SetPWM9                                  0x0800f941   Thumb Code    88  pwm.o(i.SetPWM9)
    StartStop                                0x0800fa91   Thumb Code   790  process_status_transition.o(i.StartStop)
    StatusEstimation                         0x0800fdd9   Thumb Code   186  kalman_lib.o(i.StatusEstimation)
    StatusPrediction                         0x0800fe93   Thumb Code    30  kalman_lib.o(i.StatusPrediction)
    StatusTransition                         0x0800feb1   Thumb Code    16  process_status_transition.o(i.StatusTransition)
    SwitchDecode                             0x0800fec1   Thumb Code   260  dataframe.o(i.SwitchDecode)
    SysProcess                               0x0800ffd1   Thumb Code    24  main.o(i.SysProcess)
    SysTime_Config                           0x0800ffe9   Thumb Code   104  systime.o(i.SysTime_Config)
    SystemInit                               0x08010055   Thumb Code    88  system_stm32f4xx.o(i.SystemInit)
    TIM6_DAC_IRQHandler                      0x080100bd   Thumb Code    44  systime.o(i.TIM6_DAC_IRQHandler)
    TIME_CheckTimeUs                         0x080100f1   Thumb Code   198  time.o(i.TIME_CheckTimeUs)
    TIME_Config                              0x080101c9   Thumb Code    20  time.o(i.TIME_Config)
    TIME_GetTimeUs                           0x080101dd   Thumb Code    48  time.o(i.TIME_GetTimeUs)
    TIME_Reset                               0x08010215   Thumb Code    86  time.o(i.TIME_Reset)
    TIM_CCPreloadControl                     0x08010279   Thumb Code    24  stm32f4xx_tim.o(i.TIM_CCPreloadControl)
    TIM_ClearFlag                            0x08010291   Thumb Code     6  stm32f4xx_tim.o(i.TIM_ClearFlag)
    TIM_ClearITPendingBit                    0x08010297   Thumb Code     6  stm32f4xx_tim.o(i.TIM_ClearITPendingBit)
    TIM_Cmd                                  0x0801029d   Thumb Code    24  stm32f4xx_tim.o(i.TIM_Cmd)
    TIM_CtrlPWMOutputs                       0x080102b5   Thumb Code    30  stm32f4xx_tim.o(i.TIM_CtrlPWMOutputs)
    TIM_GetITStatus                          0x080102d3   Thumb Code    34  stm32f4xx_tim.o(i.TIM_GetITStatus)
    TIM_ITConfig                             0x080102f5   Thumb Code    18  stm32f4xx_tim.o(i.TIM_ITConfig)
    TIM_OC1Init                              0x08010309   Thumb Code   114  stm32f4xx_tim.o(i.TIM_OC1Init)
    TIM_OC1PreloadConfig                     0x08010385   Thumb Code    18  stm32f4xx_tim.o(i.TIM_OC1PreloadConfig)
    TIM_OC2Init                              0x08010399   Thumb Code   154  stm32f4xx_tim.o(i.TIM_OC2Init)
    TIM_OC2PreloadConfig                     0x0801043d   Thumb Code    26  stm32f4xx_tim.o(i.TIM_OC2PreloadConfig)
    TIM_OC3Init                              0x08010459   Thumb Code   150  stm32f4xx_tim.o(i.TIM_OC3Init)
    TIM_OC3PreloadConfig                     0x080104f9   Thumb Code    18  stm32f4xx_tim.o(i.TIM_OC3PreloadConfig)
    TIM_OC4Init                              0x0801050d   Thumb Code   112  stm32f4xx_tim.o(i.TIM_OC4Init)
    TIM_OC4PreloadConfig                     0x08010585   Thumb Code    26  stm32f4xx_tim.o(i.TIM_OC4PreloadConfig)
    TIM_SetCompare1                          0x0801059f   Thumb Code     4  stm32f4xx_tim.o(i.TIM_SetCompare1)
    TIM_SetCompare2                          0x080105a3   Thumb Code     4  stm32f4xx_tim.o(i.TIM_SetCompare2)
    TIM_SetCompare3                          0x080105a7   Thumb Code     4  stm32f4xx_tim.o(i.TIM_SetCompare3)
    TIM_SetCompare4                          0x080105ab   Thumb Code     4  stm32f4xx_tim.o(i.TIM_SetCompare4)
    TIM_TimeBaseInit                         0x080105b1   Thumb Code   104  stm32f4xx_tim.o(i.TIM_TimeBaseInit)
    USART1_Config                            0x08010635   Thumb Code   360  usart1.o(i.USART1_Config)
    USART2_Config                            0x080107b1   Thumb Code   358  usart2.o(i.USART2_Config)
    USART_ClearFlag                          0x0801092d   Thumb Code    18  stm32f4xx_usart.o(i.USART_ClearFlag)
    USART_Cmd                                0x0801093f   Thumb Code    24  stm32f4xx_usart.o(i.USART_Cmd)
    USART_DMACmd                             0x08010957   Thumb Code    18  stm32f4xx_usart.o(i.USART_DMACmd)
    USART_DeInit                             0x08010969   Thumb Code   156  stm32f4xx_usart.o(i.USART_DeInit)
    USART_Init                               0x08010a1d   Thumb Code   204  stm32f4xx_usart.o(i.USART_Init)
    VariancePrediction                       0x08010af1   Thumb Code    38  kalman_lib.o(i.VariancePrediction)
    VarianceUpdate                           0x08010b17   Thumb Code   250  kalman_lib.o(i.VarianceUpdate)
    WriteConfig                              0x08010c11   Thumb Code   100  eeprom.o(i.WriteConfig)
    YawCtrl                                  0x08010c7d   Thumb Code  1216  process_ctrl.o(i.YawCtrl)
    __ARM_fpclassify                         0x08011159   Thumb Code    48  fpclassify.o(i.__ARM_fpclassify)
    __hardfp_asin                            0x08011189   Thumb Code   770  asin.o(i.__hardfp_asin)
    __hardfp_atan                            0x080114e9   Thumb Code   622  atan.o(i.__hardfp_atan)
    __hardfp_atan2                           0x080117c1   Thumb Code   432  atan2.o(i.__hardfp_atan2)
    __hardfp_cos                             0x080119b1   Thumb Code   180  cos.o(i.__hardfp_cos)
    __hardfp_fabs                            0x08011a79   Thumb Code    20  fabs.o(i.__hardfp_fabs)
    __hardfp_sin                             0x08011a91   Thumb Code   180  sin.o(i.__hardfp_sin)
    __hardfp_sqrt                            0x08011b59   Thumb Code   122  sqrt.o(i.__hardfp_sqrt)
    __ieee754_rem_pio2                       0x08011bd9   Thumb Code   938  rred.o(i.__ieee754_rem_pio2)
    __kernel_cos                             0x08012011   Thumb Code   322  cos_i.o(i.__kernel_cos)
    __kernel_poly                            0x08012181   Thumb Code   248  poly.o(i.__kernel_poly)
    __kernel_sin                             0x08012279   Thumb Code   280  sin_i.o(i.__kernel_sin)
    __mathlib_dbl_infnan                     0x080123a9   Thumb Code    20  dunder.o(i.__mathlib_dbl_infnan)
    __mathlib_dbl_infnan2                    0x080123bd   Thumb Code    20  dunder.o(i.__mathlib_dbl_infnan2)
    __mathlib_dbl_invalid                    0x080123d1   Thumb Code    24  dunder.o(i.__mathlib_dbl_invalid)
    __mathlib_dbl_underflow                  0x080123f1   Thumb Code    24  dunder.o(i.__mathlib_dbl_underflow)
    __scatterload_copy                       0x08012411   Thumb Code    14  handlers.o(i.__scatterload_copy)
    __scatterload_zeroinit                   0x0801241f   Thumb Code    14  handlers.o(i.__scatterload_zeroinit)
    __set_errno                              0x0801242d   Thumb Code     6  errno.o(i.__set_errno)
    atan                                     0x08012439   Thumb Code    16  atan.o(i.atan)
    fabs                                     0x08012449   Thumb Code    24  fabs.o(i.fabs)
    free                                     0x08012461   Thumb Code    26  matrix.o(i.free)
    invSqrt                                  0x08012485   Thumb Code    56  madgwickahrs.o(i.invSqrt)
    load_params                              0x080124c1   Thumb Code    16  eeprom.o(i.load_params)
    main                                     0x080124d5   Thumb Code   456  main.o(i.main)
    malloc                                   0x080126f1   Thumb Code    40  matrix.o(i.malloc)
    sign                                     0x08012721   Thumb Code    20  math_lib.o(i.sign)
    sqrt                                     0x08012735   Thumb Code   110  sqrt.o(i.sqrt)
    swap                                     0x080127a5   Thumb Code    30  matrixinv.o(i.swap)
    __mathlib_zero                           0x080128f8   Data           8  qnan.o(.constdata)
    Region$$Table$$Base                      0x080129f0   Number         0  anon$$obj.o(Region$$Table)
    Region$$Table$$Limit                     0x08012a10   Number         0  anon$$obj.o(Region$$Table)
    freq_cnt                                 0x20000010   Data           4  main.o(.data)
    freq                                     0x20000014   Data           4  main.o(.data)
    rc_sw_value                              0x20000018   Data           4  dataframe.o(.data)
    imu_cmd                                  0x20000030   Data           8  imu.o(.data)
    imu_calib_params                         0x20000038   Data         180  imu.o(.data)
    calib_accel_status                       0x200000ec   Data           1  imu.o(.data)
    calib_mag_status                         0x200000ed   Data           1  imu.o(.data)
    calib_gyro_status                        0x200000ee   Data           1  imu.o(.data)
    acc_norm                                 0x200000f0   Data           4  imu.o(.data)
    mag_norm                                 0x200000f4   Data           4  imu.o(.data)
    init_time                                0x200000f8   Data           4  imu.o(.data)
    YAW_TC                                   0x200000fc   Data           4  imu.o(.data)
    _gz_rad                                  0x20000158   Data           4  madgwickahrs.o(.data)
    _yaw_rad                                 0x2000015c   Data           4  madgwickahrs.o(.data)
    q0                                       0x20000160   Data           4  madgwickahrs.o(.data)
    q1                                       0x20000164   Data           4  madgwickahrs.o(.data)
    q2                                       0x20000168   Data           4  madgwickahrs.o(.data)
    q3                                       0x2000016c   Data           4  madgwickahrs.o(.data)
    status_cnt                               0x20000170   Data           1  beep.o(.data)
    curr_status                              0x20000171   Data           1  beep.o(.data)
    led_status                               0x20000172   Data           1  led.o(.data)
    systicks                                 0x20000174   Data           4  systime.o(.data)
    ref_pitch                                0x20000178   Data           4  process_ctrl.o(.data)
    ref_roll                                 0x2000017c   Data           4  process_ctrl.o(.data)
    ref_yaw_rate                             0x20000180   Data           4  process_ctrl.o(.data)
    ref_pitch_rate                           0x20000184   Data           4  process_ctrl.o(.data)
    ref_roll_rate                            0x20000188   Data           4  process_ctrl.o(.data)
    ref_height_rate                          0x2000018c   Data           4  process_ctrl.o(.data)
    ref_accel                                0x20000190   Data           4  process_ctrl.o(.data)
    cache_index                              0x200001c8   Data           4  matrix.o(.data)
    points_recv                              0x200001cc   Data           4  ellipsoid.o(.data)
    NoRot                                    0x200001d0   Data           1  ellipsoid.o(.data)
    sx                                       0x200001d4   Data           4  ellipsoid.o(.data)
    sy                                       0x200001d8   Data           4  ellipsoid.o(.data)
    sz                                       0x200001dc   Data           4  ellipsoid.o(.data)
    mx                                       0x200001e0   Data           4  ellipsoid.o(.data)
    my                                       0x200001e4   Data           4  ellipsoid.o(.data)
    mz                                       0x200001e8   Data           4  ellipsoid.o(.data)
    CtrlSys                                  0x200001f0   Data         152  main.o(.bss)
    PitchPID                                 0x20000288   Data         152  main.o(.bss)
    PitchRatePID                             0x20000320   Data         152  main.o(.bss)
    RollPID                                  0x200003b8   Data         152  main.o(.bss)
    RollRatePID                              0x20000450   Data         152  main.o(.bss)
    YawPID                                   0x200004e8   Data         152  main.o(.bss)
    YawRatePID                               0x20000580   Data         152  main.o(.bss)
    AccPID                                   0x20000618   Data         152  main.o(.bss)
    HeightPID                                0x200006b0   Data         152  main.o(.bss)
    HeightRatePID                            0x20000748   Data         152  main.o(.bss)
    time_ov                                  0x200007e0   Data          48  time.o(.bss)
    TimeArray                                0x20000810   Data          48  time.o(.bss)
    TimeArrayTmp                             0x20000840   Data          48  time.o(.bss)
    USART1_DMA_SendBuff                      0x20000870   Data        2000  usart1.o(.bss)
    USART1_DMA_RecvBuff                      0x20001040   Data        2000  usart1.o(.bss)
    USART2_DMA_SendBuff                      0x20001810   Data         300  usart2.o(.bss)
    USART2_DMA_RecvBuff                      0x2000193c   Data         500  usart2.o(.bss)
    rxdf1                                    0x20001b30   Data          24  dataframe.o(.bss)
    rxdf2                                    0x20001b48   Data          24  dataframe.o(.bss)
    txdf1                                    0x20001b60   Data          28  dataframe.o(.bss)
    txdf2                                    0x20001b7c   Data          28  dataframe.o(.bss)
    alt_filter                               0x20001b98   Data         272  alt_filter.o(.bss)
    alt_filter_qr                            0x20001ca8   Data          24  alt_filter.o(.bss)
    ahrs                                     0x20001cc0   Data          88  imu.o(.bss)
    gps                                      0x20001d18   Data          24  imu.o(.bss)
    SysConfig                                0x20001e38   Data         528  eeprom.o(.bss)
    cache_pool                               0x20002048   Data       20480  matrix.o(.bss)
    points                                   0x20007048   Data       10800  ellipsoid.o(.bss)
    res                                      0x20009a78   Data        1200  ellipsoid.o(.bss)
    __initial_sp                             0x2000a328   Data           0  startup_stm32f4xx.o(STACK)



==============================================================================

Memory Map of the image

  Image Entry point : 0x08000189

  Load Region LR_IROM1 (Base: 0x08000000, Size: 0x00012c00, Max: 0x00100000, ABSOLUTE, COMPRESSED[0x00012a80])

    Execution Region ER_IROM1 (Base: 0x08000000, Size: 0x00012a10, Max: 0x00100000, ABSOLUTE)

    Base Addr    Size         Type   Attr      Idx    E Section Name        Object

    0x08000000   0x00000188   Data   RO         1919    RESET               startup_stm32f4xx.o
    0x08000188   0x00000000   Code   RO         3724  * .ARM.Collect$$$$00000000  mc_w.l(entry.o)
    0x08000188   0x00000004   Code   RO         3796    .ARM.Collect$$$$00000001  mc_w.l(entry2.o)
    0x0800018c   0x00000004   Code   RO         3799    .ARM.Collect$$$$00000004  mc_w.l(entry5.o)
    0x08000190   0x00000000   Code   RO         3801    .ARM.Collect$$$$00000008  mc_w.l(entry7b.o)
    0x08000190   0x00000000   Code   RO         3803    .ARM.Collect$$$$0000000A  mc_w.l(entry8b.o)
    0x08000190   0x00000008   Code   RO         3804    .ARM.Collect$$$$0000000B  mc_w.l(entry9a.o)
    0x08000198   0x00000000   Code   RO         3806    .ARM.Collect$$$$0000000D  mc_w.l(entry10a.o)
    0x08000198   0x00000000   Code   RO         3808    .ARM.Collect$$$$0000000F  mc_w.l(entry11a.o)
    0x08000198   0x00000004   Code   RO         3797    .ARM.Collect$$$$00002712  mc_w.l(entry2.o)
    0x0800019c   0x00000024   Code   RO         1920    .text               startup_stm32f4xx.o
    0x080001c0   0x00000024   Code   RO         3727    .text               mc_w.l(memcpya.o)
    0x080001e4   0x00000024   Code   RO         3729    .text               mc_w.l(memseta.o)
    0x08000208   0x000000e4   Code   RO         3733    .text               mf_w.l(dmul.o)
    0x080002ec   0x000000de   Code   RO         3735    .text               mf_w.l(ddiv.o)
    0x080003ca   0x00000022   Code   RO         3737    .text               mf_w.l(dflti.o)
    0x080003ec   0x0000001a   Code   RO         3739    .text               mf_w.l(dfltui.o)
    0x08000406   0x00000026   Code   RO         3741    .text               mf_w.l(f2d.o)
    0x0800042c   0x00000030   Code   RO         3743    .text               mf_w.l(cdcmple.o)
    0x0800045c   0x00000030   Code   RO         3745    .text               mf_w.l(cdrcmple.o)
    0x0800048c   0x00000038   Code   RO         3747    .text               mf_w.l(d2f.o)
    0x080004c4   0x00000000   Code   RO         3817    .text               mc_w.l(iusefp.o)
    0x080004c4   0x0000006e   Code   RO         3818    .text               mf_w.l(fepilogue.o)
    0x08000532   0x000000ba   Code   RO         3820    .text               mf_w.l(depilogue.o)
    0x080005ec   0x0000014e   Code   RO         3822    .text               mf_w.l(dadd.o)
    0x0800073a   0x000000a2   Code   RO         3826    .text               mf_w.l(dsqrt.o)
    0x080007dc   0x00000024   Code   RO         3828    .text               mc_w.l(init.o)
    0x08000800   0x0000001e   Code   RO         3830    .text               mc_w.l(llshl.o)
    0x0800081e   0x00000020   Code   RO         3832    .text               mc_w.l(llushr.o)
    0x0800083e   0x00000024   Code   RO         3834    .text               mc_w.l(llsshr.o)
    0x08000862   0x0000003e   Code   RO         3836    .text               mf_w.l(dfixi.o)
    0x080008a0   0x00000056   Code   RO         3846    .text               mc_w.l(__dczerorl2.o)
    0x080008f6   0x0000001a   Code   RO         3597    i.ABS               ellipsoid.o
    0x08000910   0x00000014   Code   RO         2609    i.AHRS_D2R          madgwickahrs.o
    0x08000924   0x000001c8   Code   RO         2610    i.AHRS_GetAngle     madgwickahrs.o
    0x08000aec   0x00000044   Code   RO         2611    i.AHRS_LimitAngle   madgwickahrs.o
    0x08000b30   0x00000014   Code   RO         2612    i.AHRS_R2D          madgwickahrs.o
    0x08000b44   0x000001d0   Code   RO         2613    i.AHRS_SetQFromAngle  madgwickahrs.o
    0x08000d14   0x000003bc   Code   RO         2614    i.AHRS_Update6      madgwickahrs.o
    0x080010d0   0x00000054   Code   RO         2616    i.AHRS_UpdateYaw    madgwickahrs.o
    0x08001124   0x00000164   Code   RO         2467    i.ALT_FILTER_Config  alt_filter.o
    0x08001288   0x0000005c   Code   RO         2468    i.ALT_FILTER_SetDefaultQR  alt_filter.o
    0x080012e4   0x0000003c   Code   RO         2469    i.ALT_FILTER_SetQR  alt_filter.o
    0x08001320   0x0000038c   Code   RO         2470    i.ALT_Update        alt_filter.o
    0x080016ac   0x0000001a   Code   RO         3573    i.Abs               matrixinv.o
    0x080016c6   0x000000b6   Code   RO         2418    i.AddDead           math_lib.o
    0x0800177c   0x00000050   Code   RO         2732    i.BEEP_Ack          beep.o
    0x080017cc   0x00000044   Code   RO         2733    i.BEEP_Config       beep.o
    0x08001810   0x000000e4   Code   RO         2734    i.BEEP_ESC          beep.o
    0x080018f4   0x00000038   Code   RO         2735    i.BEEP_Flash        beep.o
    0x0800192c   0x0000000c   Code   RO         2737    i.BEEP_Idle         beep.o
    0x08001938   0x0000004c   Code   RO         2738    i.BEEP_LowVolt      beep.o
    0x08001984   0x00000060   Code   RO         2739    i.BEEP_Routing      beep.o
    0x080019e4   0x0000003c   Code   RO         2740    i.BEEP_SetStatus    beep.o
    0x08001a20   0x00000078   Code   RO         2741    i.BEEP_Start        beep.o
    0x08001a98   0x00000078   Code   RO         2742    i.BEEP_Stop         beep.o
    0x08001b10   0x000004f4   Code   RO         1976    i.CTRL_Config       main.o
    0x08002004   0x000000dc   Code   RO         3429    i.CalculateGain     kalman_lib.o
    0x080020e0   0x0000020c   Code   RO         3144    i.CmdProcess        process_cmd.o
    0x080022ec   0x0000009c   Code   RO         1977    i.ControllerReset   main.o
    0x08002388   0x0000001c   Code   RO         3164    i.CtrlProcess       process_ctrl.o
    0x080023a4   0x00000016   Code   RO          309    i.DMA_Cmd           stm32f4xx_dma.o
    0x080023ba   0x00000014   Code   RO          314    i.DMA_GetCmdStatus  stm32f4xx_dma.o
    0x080023ce   0x00000008   Code   RO          315    i.DMA_GetCurrDataCounter  stm32f4xx_dma.o
    0x080023d6   0x00000002   PAD
    0x080023d8   0x00000058   Code   RO          321    i.DMA_Init          stm32f4xx_dma.o
    0x08002430   0x00000004   Code   RO          324    i.DMA_SetCurrDataCounter  stm32f4xx_dma.o
    0x08002434   0x00000184   Code   RO         2141    i.DataFrame_CheckFifo  dataframe_lib_m4.o
    0x080025b8   0x00000398   Code   RO         2288    i.DataFrame_GetData  dataframe.o
    0x08002950   0x000000b8   Code   RO         2289    i.DataFrame_Init    dataframe.o
    0x08002a08   0x00000420   Code   RO         2290    i.DataFrame_SendData  dataframe.o
    0x08002e28   0x0000008a   Code   RO         2291    i.DataFrame_SendParams  dataframe.o
    0x08002eb2   0x00000002   PAD
    0x08002eb4   0x000001f8   Code   RO         2142    i.DataFrame_UpdateReadIndex  dataframe_lib_m4.o
    0x080030ac   0x00000126   Code   RO         2143    i.DataFrame_WriteFifo  dataframe_lib_m4.o
    0x080031d2   0x00000002   PAD
    0x080031d4   0x000001a4   Code   RO         3165    i.DataProcess       process_ctrl.o
    0x08003378   0x00000088   Code   RO         3598    i.ELLIPSOID_AddPoint  ellipsoid.o
    0x08003400   0x00000b5c   Code   RO         3599    i.ELLIPSOID_AntiNorm  ellipsoid.o
    0x08003f5c   0x00000040   Code   RO         3600    i.ELLIPSOID_Fitting  ellipsoid.o
    0x08003f9c   0x0000000c   Code   RO          497    i.FLASH_ClearFlag   stm32f4xx_flash.o
    0x08003fa8   0x00000048   Code   RO          503    i.FLASH_GetStatus   stm32f4xx_flash.o
    0x08003ff0   0x00000006   Code   RO         2145    i.Float2FloatWord   dataframe_lib_m4.o
    0x08003ff6   0x00000006   Code   RO         2147    i.FloatWord2Float   dataframe_lib_m4.o
    0x08003ffc   0x00000002   Code   RO         3360    i.SensorProcess     process_sensor.o
    0x08003ffe   0x00000002   Code   RO         3841    i.__scatterload_null  mc_w.l(handlers.o)
    0x08004000   0x00004000   Data   RO         3052    .ARM.__AT_0x08004000  eeprom.o
    0x08008000   0x00000178   Code   RO         3601    i.ELLIPSOID_Fitting_no_rot  ellipsoid.o
    0x08008178   0x000001a8   Code   RO         3602    i.ELLIPSOID_Fitting_rot  ellipsoid.o
    0x08008320   0x000005b8   Code   RO         3603    i.ELLIPSOID_Norm    ellipsoid.o
    0x080088d8   0x0000006c   Code   RO         3604    i.ELLIPSOID_Reset   ellipsoid.o
    0x08008944   0x00000088   Code   RO          501    i.FLASH_EraseSector  stm32f4xx_flash.o
    0x080089cc   0x00000014   Code   RO          507    i.FLASH_Lock        stm32f4xx_flash.o
    0x080089e0   0x00000050   Code   RO          523    i.FLASH_ProgramWord  stm32f4xx_flash.o
    0x08008a30   0x00000024   Code   RO          525    i.FLASH_Unlock      stm32f4xx_flash.o
    0x08008a54   0x00000022   Code   RO          526    i.FLASH_WaitForLastOperation  stm32f4xx_flash.o
    0x08008a76   0x00000002   PAD
    0x08008a78   0x0000007c   Code   RO         2146    i.Float2Halfword    dataframe_lib_m4.o
    0x08008af4   0x00000090   Code   RO          692    i.GPIO_Init         stm32f4xx_gpio.o
    0x08008b84   0x00000046   Code   RO          693    i.GPIO_PinAFConfig  stm32f4xx_gpio.o
    0x08008bca   0x00000002   PAD
    0x08008bcc   0x000008a0   Code   RO         3045    i.GetConfig         eeprom.o
    0x0800946c   0x00000098   Code   RO         2419    i.GetDeltaAngle     math_lib.o
    0x08009504   0x0000001c   Code   RO         2148    i.GetIndex          dataframe_lib_m4.o
    0x08009520   0x000006f0   Code   RO         2292    i.GetPIDParams      dataframe.o
    0x08009c10   0x000003b8   Code   RO         3166    i.HeightCtrl        process_ctrl.o
    0x08009fc8   0x000000a4   Code   RO         2529    i.IMU_AngleLowPass  imu.o
    0x0800a06c   0x00000110   Code   RO         2530    i.IMU_Calib         imu.o
    0x0800a17c   0x000001b8   Code   RO         2531    i.IMU_CalibAcc      imu.o
    0x0800a334   0x000000f4   Code   RO         2532    i.IMU_CalibGyro     imu.o
    0x0800a428   0x0000010c   Code   RO         2533    i.IMU_CalibMag      imu.o
    0x0800a534   0x00000014   Code   RO         2534    i.IMU_Config        imu.o
    0x0800a548   0x00000044   Code   RO         2535    i.IMU_LimitAngle    imu.o
    0x0800a58c   0x00000e3c   Code   RO         2536    i.IMU_Update        imu.o
    0x0800b3c8   0x0000002c   Code   RO         2471    i.InputsTranslate   alt_filter.o
    0x0800b3f4   0x000002e0   Code   RO         3167    i.IntegralReset     process_ctrl.o
    0x0800b6d4   0x000000d8   Code   RO         3380    i.IsTakeoff         process_status_transition.o
    0x0800b7ac   0x00000104   Code   RO         3430    i.KALMAN_Update     kalman_lib.o
    0x0800b8b0   0x000001b0   Code   RO         2293    i.KeyDecode         dataframe.o
    0x0800ba60   0x0000003c   Code   RO         2815    i.LED1_Flash        led.o
    0x0800ba9c   0x00000010   Code   RO         2816    i.LED1_Idle         led.o
    0x0800baac   0x0000003c   Code   RO         2817    i.LED2_Flash        led.o
    0x0800bae8   0x00000010   Code   RO         2818    i.LED2_Idle         led.o
    0x0800baf8   0x0000003c   Code   RO         2819    i.LED3_Flash        led.o
    0x0800bb34   0x00000010   Code   RO         2820    i.LED3_Idle         led.o
    0x0800bb44   0x0000003c   Code   RO         2821    i.LED4_Flash        led.o
    0x0800bb80   0x00000010   Code   RO         2822    i.LED4_Idle         led.o
    0x0800bb90   0x00000034   Code   RO         2823    i.LED_Config        led.o
    0x0800bbc4   0x00000042   Code   RO         2824    i.LED_Flash         led.o
    0x0800bc06   0x0000002e   Code   RO         2825    i.LED_Idle          led.o
    0x0800bc34   0x0000000c   Code   RO         2826    i.LED_ResetStatus   led.o
    0x0800bc40   0x00000038   Code   RO         2827    i.LED_SetStatus     led.o
    0x0800bc78   0x0000002a   Code   RO         2421    i.LimitMinMax_float  math_lib.o
    0x0800bca2   0x00000002   PAD
    0x0800bca4   0x00000040   Code   RO         3046    i.LoadConfig        eeprom.o
    0x0800bce4   0x00000080   Code   RO         3474    i.MATRIX_A_BT       matrix.o
    0x0800bd64   0x0000008a   Code   RO         3475    i.MATRIX_A_P_AT     matrix.o
    0x0800bdee   0x00000054   Code   RO         3476    i.MATRIX_Add        matrix.o
    0x0800be42   0x00000002   PAD
    0x0800be44   0x00000214   Code   RO         3477    i.MATRIX_CongruentTransformation  matrix.o
    0x0800c058   0x00000044   Code   RO         3478    i.MATRIX_Copy       matrix.o
    0x0800c09c   0x00000144   Code   RO         3479    i.MATRIX_Det        matrix.o
    0x0800c1e0   0x00000280   Code   RO         3574    i.MATRIX_Inv        matrixinv.o
    0x0800c460   0x0000010c   Code   RO         3480    i.MATRIX_LeastSquareSolution  matrix.o
    0x0800c56c   0x00000080   Code   RO         3481    i.MATRIX_Mul        matrix.o
    0x0800c5ec   0x00000054   Code   RO         3482    i.MATRIX_Sub        matrix.o
    0x0800c640   0x00000042   Code   RO         3483    i.MATRIX_Transpose  matrix.o
    0x0800c682   0x00000002   PAD
    0x0800c684   0x00000064   Code   RO         3484    i.MATRIX_X_P_XT     matrix.o
    0x0800c6e8   0x00000018   Code   RO         3047    i.MemoryCopy        eeprom.o
    0x0800c700   0x00000078   Code   RO         1856    i.NVIC_Init         misc.o
    0x0800c778   0x00000068   Code   RO         3223    i.OutputProcess     process_output.o
    0x0800c7e0   0x00000570   Code   RO         2370    i.PID_Calculate     pid.o
    0x0800cd50   0x0000002e   Code   RO         2371    i.PID_Limit         pid.o
    0x0800cd7e   0x00000002   PAD
    0x0800cd80   0x00000090   Code   RO         2372    i.PID_Reset         pid.o
    0x0800ce10   0x00000088   Code   RO         2373    i.PID_Reset2        pid.o
    0x0800ce98   0x00000144   Code   RO         2374    i.PID_StructInit    pid.o
    0x0800cfdc   0x0000001a   Code   RO         2375    i.PID_abs           pid.o
    0x0800cff6   0x00000002   PAD
    0x0800cff8   0x00000438   Code   RO         2913    i.PWM_Config        pwm.o
    0x0800d430   0x000001f0   Code   RO         3168    i.PitchCtrl         process_ctrl.o
    0x0800d620   0x00000020   Code   RO          789    i.RCC_AHB1PeriphClockCmd  stm32f4xx_rcc.o
    0x0800d640   0x00000020   Code   RO          798    i.RCC_APB1PeriphClockCmd  stm32f4xx_rcc.o
    0x0800d660   0x00000020   Code   RO          800    i.RCC_APB1PeriphResetCmd  stm32f4xx_rcc.o
    0x0800d680   0x00000020   Code   RO          801    i.RCC_APB2PeriphClockCmd  stm32f4xx_rcc.o
    0x0800d6a0   0x00000020   Code   RO          803    i.RCC_APB2PeriphResetCmd  stm32f4xx_rcc.o
    0x0800d6c0   0x000000e8   Code   RO          810    i.RCC_GetClocksFreq  stm32f4xx_rcc.o
    0x0800d7a8   0x000001f0   Code   RO         3169    i.RollCtrl          process_ctrl.o
    0x0800d998   0x00000118   Code   RO         2294    i.SendIMUCalibParams  dataframe.o
    0x0800dab0   0x00000184   Code   RO         3381    i.SensorOk          process_status_transition.o
    0x0800dc34   0x000006b8   Code   RO         3049    i.SetConfig         eeprom.o
    0x0800e2ec   0x00000318   Code   RO         3224    i.SetMotor          process_output.o
    0x0800e604   0x00000078   Code   RO         3225    i.SetMotor1         process_output.o
    0x0800e67c   0x0000006c   Code   RO         3226    i.SetMotor10        process_output.o
    0x0800e6e8   0x0000006c   Code   RO         3227    i.SetMotor11        process_output.o
    0x0800e754   0x0000006c   Code   RO         3228    i.SetMotor12        process_output.o
    0x0800e7c0   0x0000006c   Code   RO         3229    i.SetMotor13        process_output.o
    0x0800e82c   0x0000006c   Code   RO         3230    i.SetMotor14        process_output.o
    0x0800e898   0x0000006c   Code   RO         3231    i.SetMotor15        process_output.o
    0x0800e904   0x00000078   Code   RO         3232    i.SetMotor2         process_output.o
    0x0800e97c   0x00000078   Code   RO         3233    i.SetMotor3         process_output.o
    0x0800e9f4   0x00000078   Code   RO         3234    i.SetMotor4         process_output.o
    0x0800ea6c   0x00000078   Code   RO         3235    i.SetMotor5         process_output.o
    0x0800eae4   0x00000078   Code   RO         3236    i.SetMotor6         process_output.o
    0x0800eb5c   0x0000006c   Code   RO         3237    i.SetMotor7         process_output.o
    0x0800ebc8   0x0000006c   Code   RO         3238    i.SetMotor8         process_output.o
    0x0800ec34   0x0000006c   Code   RO         3239    i.SetMotor9         process_output.o
    0x0800eca0   0x000000a0   Code   RO         3240    i.SetMotorStop      process_output.o
    0x0800ed40   0x000000a6   Code   RO         3241    i.SetMotorThrottle  process_output.o
    0x0800ede6   0x00000002   PAD
    0x0800ede8   0x000005e0   Code   RO         2295    i.SetPIDParams      dataframe.o
    0x0800f3c8   0x00000064   Code   RO         2914    i.SetPWM1           pwm.o
    0x0800f42c   0x00000064   Code   RO         2915    i.SetPWM10          pwm.o
    0x0800f490   0x00000064   Code   RO         2916    i.SetPWM11          pwm.o
    0x0800f4f4   0x00000064   Code   RO         2917    i.SetPWM12          pwm.o
    0x0800f558   0x00000064   Code   RO         2918    i.SetPWM13          pwm.o
    0x0800f5bc   0x00000064   Code   RO         2919    i.SetPWM14          pwm.o
    0x0800f620   0x00000064   Code   RO         2920    i.SetPWM15          pwm.o
    0x0800f684   0x00000064   Code   RO         2924    i.SetPWM2           pwm.o
    0x0800f6e8   0x00000064   Code   RO         2925    i.SetPWM3           pwm.o
    0x0800f74c   0x00000064   Code   RO         2926    i.SetPWM4           pwm.o
    0x0800f7b0   0x00000064   Code   RO         2927    i.SetPWM5           pwm.o
    0x0800f814   0x00000064   Code   RO         2928    i.SetPWM6           pwm.o
    0x0800f878   0x00000064   Code   RO         2929    i.SetPWM7           pwm.o
    0x0800f8dc   0x00000064   Code   RO         2930    i.SetPWM8           pwm.o
    0x0800f940   0x00000064   Code   RO         2931    i.SetPWM9           pwm.o
    0x0800f9a4   0x000000ec   Code   RO         1819    i.SetSysClock       system_stm32f4xx.o
    0x0800fa90   0x00000348   Code   RO         3382    i.StartStop         process_status_transition.o
    0x0800fdd8   0x000000ba   Code   RO         3431    i.StatusEstimation  kalman_lib.o
    0x0800fe92   0x0000001e   Code   RO         3432    i.StatusPrediction  kalman_lib.o
    0x0800feb0   0x00000010   Code   RO         3383    i.StatusTransition  process_status_transition.o
    0x0800fec0   0x00000110   Code   RO         2296    i.SwitchDecode      dataframe.o
    0x0800ffd0   0x00000018   Code   RO         1978    i.SysProcess        main.o
    0x0800ffe8   0x0000006c   Code   RO         3108    i.SysTime_Config    systime.o
    0x08010054   0x00000068   Code   RO         1821    i.SystemInit        system_stm32f4xx.o
    0x080100bc   0x00000034   Code   RO         3109    i.TIM6_DAC_IRQHandler  systime.o
    0x080100f0   0x000000d8   Code   RO         2099    i.TIME_CheckTimeUs  time.o
    0x080101c8   0x00000014   Code   RO         2100    i.TIME_Config       time.o
    0x080101dc   0x00000038   Code   RO         2101    i.TIME_GetTimeUs    time.o
    0x08010214   0x00000064   Code   RO         2102    i.TIME_Reset        time.o
    0x08010278   0x00000018   Code   RO         1076    i.TIM_CCPreloadControl  stm32f4xx_tim.o
    0x08010290   0x00000006   Code   RO         1079    i.TIM_ClearFlag     stm32f4xx_tim.o
    0x08010296   0x00000006   Code   RO         1080    i.TIM_ClearITPendingBit  stm32f4xx_tim.o
    0x0801029c   0x00000018   Code   RO         1085    i.TIM_Cmd           stm32f4xx_tim.o
    0x080102b4   0x0000001e   Code   RO         1087    i.TIM_CtrlPWMOutputs  stm32f4xx_tim.o
    0x080102d2   0x00000022   Code   RO         1106    i.TIM_GetITStatus   stm32f4xx_tim.o
    0x080102f4   0x00000012   Code   RO         1110    i.TIM_ITConfig      stm32f4xx_tim.o
    0x08010306   0x00000002   PAD
    0x08010308   0x0000007c   Code   RO         1114    i.TIM_OC1Init       stm32f4xx_tim.o
    0x08010384   0x00000012   Code   RO         1117    i.TIM_OC1PreloadConfig  stm32f4xx_tim.o
    0x08010396   0x00000002   PAD
    0x08010398   0x000000a4   Code   RO         1119    i.TIM_OC2Init       stm32f4xx_tim.o
    0x0801043c   0x0000001a   Code   RO         1122    i.TIM_OC2PreloadConfig  stm32f4xx_tim.o
    0x08010456   0x00000002   PAD
    0x08010458   0x000000a0   Code   RO         1124    i.TIM_OC3Init       stm32f4xx_tim.o
    0x080104f8   0x00000012   Code   RO         1127    i.TIM_OC3PreloadConfig  stm32f4xx_tim.o
    0x0801050a   0x00000002   PAD
    0x0801050c   0x00000078   Code   RO         1129    i.TIM_OC4Init       stm32f4xx_tim.o
    0x08010584   0x0000001a   Code   RO         1131    i.TIM_OC4PreloadConfig  stm32f4xx_tim.o
    0x0801059e   0x00000004   Code   RO         1147    i.TIM_SetCompare1   stm32f4xx_tim.o
    0x080105a2   0x00000004   Code   RO         1148    i.TIM_SetCompare2   stm32f4xx_tim.o
    0x080105a6   0x00000004   Code   RO         1149    i.TIM_SetCompare3   stm32f4xx_tim.o
    0x080105aa   0x00000004   Code   RO         1150    i.TIM_SetCompare4   stm32f4xx_tim.o
    0x080105ae   0x00000002   PAD
    0x080105b0   0x00000084   Code   RO         1157    i.TIM_TimeBaseInit  stm32f4xx_tim.o
    0x08010634   0x0000017c   Code   RO         2226    i.USART1_Config     usart1.o
    0x080107b0   0x0000017c   Code   RO         2262    i.USART2_Config     usart2.o
    0x0801092c   0x00000012   Code   RO         1631    i.USART_ClearFlag   stm32f4xx_usart.o
    0x0801093e   0x00000018   Code   RO         1635    i.USART_Cmd         stm32f4xx_usart.o
    0x08010956   0x00000012   Code   RO         1636    i.USART_DMACmd      stm32f4xx_usart.o
    0x08010968   0x000000b4   Code   RO         1637    i.USART_DeInit      stm32f4xx_usart.o
    0x08010a1c   0x000000d4   Code   RO         1642    i.USART_Init        stm32f4xx_usart.o
    0x08010af0   0x00000026   Code   RO         3433    i.VariancePrediction  kalman_lib.o
    0x08010b16   0x000000fa   Code   RO         3434    i.VarianceUpdate    kalman_lib.o
    0x08010c10   0x0000006c   Code   RO         3050    i.WriteConfig       eeprom.o
    0x08010c7c   0x000004dc   Code   RO         3170    i.YawCtrl           process_ctrl.o
    0x08011158   0x00000030   Code   RO         3780    i.__ARM_fpclassify  m_wm.l(fpclassify.o)
    0x08011188   0x00000360   Code   RO         3656    i.__hardfp_asin     m_wm.l(asin.o)
    0x080114e8   0x000002d8   Code   RO         3749    i.__hardfp_atan     m_wm.l(atan.o)
    0x080117c0   0x000001f0   Code   RO         3670    i.__hardfp_atan2    m_wm.l(atan2.o)
    0x080119b0   0x000000c8   Code   RO         3682    i.__hardfp_cos      m_wm.l(cos.o)
    0x08011a78   0x00000014   Code   RO         3694    i.__hardfp_fabs     m_wm.l(fabs.o)
    0x08011a8c   0x00000004   PAD
    0x08011a90   0x000000c8   Code   RO         3700    i.__hardfp_sin      m_wm.l(sin.o)
    0x08011b58   0x0000007a   Code   RO         3712    i.__hardfp_sqrt     m_wm.l(sqrt.o)
    0x08011bd2   0x00000006   PAD
    0x08011bd8   0x00000438   Code   RO         3785    i.__ieee754_rem_pio2  m_wm.l(rred.o)
    0x08012010   0x00000170   Code   RO         3763    i.__kernel_cos      m_wm.l(cos_i.o)
    0x08012180   0x000000f8   Code   RO         3782    i.__kernel_poly     m_wm.l(poly.o)
    0x08012278   0x00000130   Code   RO         3790    i.__kernel_sin      m_wm.l(sin_i.o)
    0x080123a8   0x00000014   Code   RO         3767    i.__mathlib_dbl_infnan  m_wm.l(dunder.o)
    0x080123bc   0x00000014   Code   RO         3768    i.__mathlib_dbl_infnan2  m_wm.l(dunder.o)
    0x080123d0   0x00000020   Code   RO         3769    i.__mathlib_dbl_invalid  m_wm.l(dunder.o)
    0x080123f0   0x00000020   Code   RO         3772    i.__mathlib_dbl_underflow  m_wm.l(dunder.o)
    0x08012410   0x0000000e   Code   RO         3840    i.__scatterload_copy  mc_w.l(handlers.o)
    0x0801241e   0x0000000e   Code   RO         3842    i.__scatterload_zeroinit  mc_w.l(handlers.o)
    0x0801242c   0x0000000c   Code   RO         3812    i.__set_errno       mc_w.l(errno.o)
    0x08012438   0x00000010   Code   RO         3751    i.atan              m_wm.l(atan.o)
    0x08012448   0x00000018   Code   RO         3696    i.fabs              m_wm.l(fabs.o)
    0x08012460   0x00000024   Code   RO         3485    i.free              matrix.o
    0x08012484   0x0000003c   Code   RO         2617    i.invSqrt           madgwickahrs.o
    0x080124c0   0x00000014   Code   RO         3051    i.load_params       eeprom.o
    0x080124d4   0x0000021c   Code   RO         1979    i.main              main.o
    0x080126f0   0x00000030   Code   RO         3486    i.malloc            matrix.o
    0x08012720   0x00000014   Code   RO         2423    i.sign              math_lib.o
    0x08012734   0x0000006e   Code   RO         3714    i.sqrt              m_wm.l(sqrt.o)
    0x080127a2   0x00000002   PAD
    0x080127a4   0x00000024   Code   RO         3575    i.swap              matrixinv.o
    0x080127c8   0x00000018   Data   RO         3606    .constdata          ellipsoid.o
    0x080127e0   0x00000050   Data   RO         3659    .constdata          m_wm.l(asin.o)
    0x08012830   0x00000098   Data   RO         3752    .constdata          m_wm.l(atan.o)
    0x080128c8   0x00000030   Data   RO         3764    .constdata          m_wm.l(cos_i.o)
    0x080128f8   0x00000008   Data   RO         3784    .constdata          m_wm.l(qnan.o)
    0x08012900   0x000000c8   Data   RO         3787    .constdata          m_wm.l(rred.o)
    0x080129c8   0x00000028   Data   RO         3791    .constdata          m_wm.l(sin_i.o)
    0x080129f0   0x00000020   Data   RO         3838    Region$$Table       anon$$obj.o


    Execution Region RW_IRAM1 (Base: 0x20000000, Size: 0x0000a328, Max: 0x00020000, ABSOLUTE, COMPRESSED[0x00000070])

    Base Addr    Size         Type   Attr      Idx    E Section Name        Object

    0x20000000   0x00000010   Data   RW          833    .data               stm32f4xx_rcc.o
    0x20000010   0x00000008   Data   RW         1981    .data               main.o
    0x20000018   0x00000005   Data   RW         2298    .data               dataframe.o
    0x2000001d   0x00000003   PAD
    0x20000020   0x00000010   Data   RW         2473    .data               alt_filter.o
    0x20000030   0x00000128   Data   RW         2538    .data               imu.o
    0x20000158   0x00000018   Data   RW         2618    .data               madgwickahrs.o
    0x20000170   0x00000002   Data   RW         2743    .data               beep.o
    0x20000172   0x00000001   Data   RW         2828    .data               led.o
    0x20000173   0x00000001   PAD
    0x20000174   0x00000004   Data   RW         3110    .data               systime.o
    0x20000178   0x0000002c   Data   RW         3171    .data               process_ctrl.o
    0x200001a4   0x00000024   Data   RW         3384    .data               process_status_transition.o
    0x200001c8   0x00000004   Data   RW         3488    .data               matrix.o
    0x200001cc   0x00000020   Data   RW         3607    .data               ellipsoid.o
    0x200001ec   0x00000004   Data   RW         3813    .data               mc_w.l(errno.o)
    0x200001f0   0x000005f0   Zero   RW         1980    .bss                main.o
    0x200007e0   0x00000090   Zero   RW         2103    .bss                time.o
    0x20000870   0x00000fa0   Zero   RW         2228    .bss                usart1.o
    0x20001810   0x00000320   Zero   RW         2263    .bss                usart2.o
    0x20001b30   0x00000068   Zero   RW         2297    .bss                dataframe.o
    0x20001b98   0x00000128   Zero   RW         2472    .bss                alt_filter.o
    0x20001cc0   0x00000178   Zero   RW         2537    .bss                imu.o
    0x20001e38   0x00000210   Zero   RW         3053    .bss                eeprom.o
    0x20002048   0x00005000   Zero   RW         3487    .bss                matrix.o
    0x20007048   0x00002ee0   Zero   RW         3605    .bss                ellipsoid.o
    0x20009f28   0x00000400   Zero   RW         1917    STACK               startup_stm32f4xx.o


==============================================================================

Image component sizes


      Code (inc. data)   RO Data    RW Data    ZI Data      Debug   Object Name

      1460        166          0         16        296       5787   alt_filter.o
       916        114          0          2          0       6870   beep.o
      6562        522          0          5        104      10893   dataframe.o
      1350         36          0          0          0       7020   dataframe_lib_m4.o
      4144        166      16384          0        528       6152   eeprom.o
      5506        202         24         32      12000       9463   ellipsoid.o
      5120        334          0        296        376      10301   imu.o
       984          6          0          0          0       5752   kalman_lib.o
       536         56          0          1          0       8403   led.o
      2128         96          0         24          0       6966   madgwickahrs.o
      1988        288          0          8       1520       9458   main.o
       396         10          0          0          0       3025   math_lib.o
      2004         50          0          4      20480      13458   matrix.o
       702         14          0          0          0       2762   matrixinv.o
       120         14          0          0          0       2888   misc.o
      2068         22          0          0          0       4688   pid.o
       524         32          0          0          0        609   process_cmd.o
      4372        428          0         44          0       6451   process_ctrl.o
      2914        210          0          0          0      14519   process_output.o
         2          0          0          0          0        540   process_sensor.o
      1460        102          0         36          0       3286   process_status_transition.o
      2580        222          0          0          0      11577   pwm.o
        36          8        392          0       1024        904   startup_stm32f4xx.o
         0          0          0          0          0     276660   stm32f4xx_adc.o
       142          6          0          0          0       4454   stm32f4xx_dma.o
       390         42          0          0          0       4937   stm32f4xx_flash.o
       214          0          0          0          0       1939   stm32f4xx_gpio.o
       392         48          0         16          0       6041   stm32f4xx_rcc.o
       946         66          0          0          0      14198   stm32f4xx_tim.o
       452         32          0          0          0       4217   stm32f4xx_usart.o
       340         32          0          0          0       1761   system_stm32f4xx.o
       160         12          0          4          0       1522   systime.o
       392         40          0          0        144       3544   time.o
       380         20          0          0       4000       1646   usart1.o
       380         22          0          0        800       1638   usart2.o

    ----------------------------------------------------------------------
     52092       3418      16832        492      41272     474329   Object Totals
         0          0         32          0          0          0   (incl. Generated)
        32          0          0          4          0          0   (incl. Padding)

    ----------------------------------------------------------------------

      Code (inc. data)   RO Data    RW Data    ZI Data      Debug   Library Member Name

       864         94         80          0          0        280   asin.o
       744        106        152          0          0        352   atan.o
       496         64          0          0          0        192   atan2.o
       200         20          0          0          0        164   cos.o
       368         46         48          0          0        200   cos_i.o
       104         16          0          0          0        496   dunder.o
        44          0          0          0          0        248   fabs.o
        48          0          0          0          0        124   fpclassify.o
       248          0          0          0          0        152   poly.o
         0          0          8          0          0          0   qnan.o
      1080        142        200          0          0        188   rred.o
       200         20          0          0          0        164   sin.o
       304         24         40          0          0        208   sin_i.o
       232          0          0          0          0        296   sqrt.o
        86          0          0          0          0          0   __dczerorl2.o
         0          0          0          0          0          0   entry.o
         0          0          0          0          0          0   entry10a.o
         0          0          0          0          0          0   entry11a.o
         8          4          0          0          0          0   entry2.o
         4          0          0          0          0          0   entry5.o
         0          0          0          0          0          0   entry7b.o
         0          0          0          0          0          0   entry8b.o
         8          4          0          0          0          0   entry9a.o
        12          6          0          4          0         68   errno.o
        30          0          0          0          0          0   handlers.o
        36          8          0          0          0         68   init.o
         0          0          0          0          0          0   iusefp.o
        30          0          0          0          0         68   llshl.o
        36          0          0          0          0         68   llsshr.o
        32          0          0          0          0         68   llushr.o
        36          0          0          0          0         68   memcpya.o
        36          0          0          0          0        108   memseta.o
        48          0          0          0          0         68   cdcmple.o
        48          0          0          0          0         68   cdrcmple.o
        56          0          0          0          0         88   d2f.o
       334          0          0          0          0        148   dadd.o
       222          0          0          0          0        100   ddiv.o
       186          0          0          0          0        176   depilogue.o
        62          0          0          0          0         80   dfixi.o
        34          0          0          0          0         76   dflti.o
        26          0          0          0          0         76   dfltui.o
       228          0          0          0          0         96   dmul.o
       162          0          0          0          0        100   dsqrt.o
        38          0          0          0          0         68   f2d.o
       110          0          0          0          0        168   fepilogue.o

    ----------------------------------------------------------------------
      6852        554        528          4          0       4892   Library Totals
        12          0          0          0          0          0   (incl. Padding)

    ----------------------------------------------------------------------

      Code (inc. data)   RO Data    RW Data    ZI Data      Debug   Library Name

      4932        532        528          0          0       3064   m_wm.l
       354         22          0          4          0        516   mc_w.l
      1554          0          0          0          0       1312   mf_w.l

    ----------------------------------------------------------------------
      6852        554        528          4          0       4892   Library Totals

    ----------------------------------------------------------------------

==============================================================================


      Code (inc. data)   RO Data    RW Data    ZI Data      Debug   

     58944       3972      17360        496      41272     457321   Grand Totals
     58944       3972      17360        112      41272     457321   ELF Image Totals (compressed)
     58944       3972      17360        112          0          0   ROM Totals

==============================================================================

    Total RO  Size (Code + RO Data)                76304 (  74.52kB)
    Total RW  Size (RW Data + ZI Data)             41768 (  40.79kB)
    Total ROM Size (Code + RO Data + RW Data)      76416 (  74.63kB)

==============================================================================

